../Core/Src/stm32l4xx_nucleo_bus.c:87:9:BSP_USART1_Init	16	static
../Core/Src/stm32l4xx_nucleo_bus.c:127:9:BSP_USART1_DeInit	16	static
../Core/Src/stm32l4xx_nucleo_bus.c:154:9:BSP_USART1_Send	24	static
../Core/Src/stm32l4xx_nucleo_bus.c:171:10:BSP_USART1_Recv	24	static
../Core/Src/stm32l4xx_nucleo_bus.c:187:9:BSP_USART1_RegisterDefaultMspCallbacks	8	static
../Core/Src/stm32l4xx_nucleo_bus.c:213:9:BSP_USART1_RegisterMspCallbacks	16	static
../Core/Src/stm32l4xx_nucleo_bus.c:240:9:BSP_GetTick	8	static
../Core/Src/stm32l4xx_nucleo_bus.c:246:26:MX_USART1_UART_Init	24	static
../Core/Src/stm32l4xx_nucleo_bus.c:268:13:USART1_MspInit	128	static
../Core/Src/stm32l4xx_nucleo_bus.c:312:13:USART1_MspDeInit	16	static
