Archive member included to satisfy reference by file (symbol)

C:/ST/STM32CubeIDE_1.15.1/STM32CubeIDE/plugins/com.st.stm32cube.ide.mcu.externaltools.gnu-tools-for-stm32.12.3.rel1.win32_1.0.200.202406191623/tools/bin/../lib/gcc/arm-none-eabi/12.3.1/../../../../arm-none-eabi/lib/thumb/v8-m.main+fp/hard\libc.a(libc_a-atoi.o)
                              ./Drivers/BSP/iotc_da16k_pmod/da16k_at.o (atoi)
C:/ST/STM32CubeIDE_1.15.1/STM32CubeIDE/plugins/com.st.stm32cube.ide.mcu.externaltools.gnu-tools-for-stm32.12.3.rel1.win32_1.0.200.202406191623/tools/bin/../lib/gcc/arm-none-eabi/12.3.1/../../../../arm-none-eabi/lib/thumb/v8-m.main+fp/hard\libc.a(libc_a-exit.o)
                              C:/ST/STM32CubeIDE_1.15.1/STM32CubeIDE/plugins/com.st.stm32cube.ide.mcu.externaltools.gnu-tools-for-stm32.12.3.rel1.win32_1.0.200.202406191623/tools/bin/../lib/gcc/arm-none-eabi/12.3.1/../../../../arm-none-eabi/lib/thumb/v8-m.main+fp/hard/crt0.o (exit)
C:/ST/STM32CubeIDE_1.15.1/STM32CubeIDE/plugins/com.st.stm32cube.ide.mcu.externaltools.gnu-tools-for-stm32.12.3.rel1.win32_1.0.200.202406191623/tools/bin/../lib/gcc/arm-none-eabi/12.3.1/../../../../arm-none-eabi/lib/thumb/v8-m.main+fp/hard\libc.a(libc_a-malloc.o)
                              ./Drivers/BSP/iotc_da16k_pmod/da16k_sys.o (malloc)
C:/ST/STM32CubeIDE_1.15.1/STM32CubeIDE/plugins/com.st.stm32cube.ide.mcu.externaltools.gnu-tools-for-stm32.12.3.rel1.win32_1.0.200.202406191623/tools/bin/../lib/gcc/arm-none-eabi/12.3.1/../../../../arm-none-eabi/lib/thumb/v8-m.main+fp/hard\libc.a(libc_a-mallocr.o)
                              C:/ST/STM32CubeIDE_1.15.1/STM32CubeIDE/plugins/com.st.stm32cube.ide.mcu.externaltools.gnu-tools-for-stm32.12.3.rel1.win32_1.0.200.202406191623/tools/bin/../lib/gcc/arm-none-eabi/12.3.1/../../../../arm-none-eabi/lib/thumb/v8-m.main+fp/hard\libc.a(libc_a-malloc.o) (_malloc_r)
C:/ST/STM32CubeIDE_1.15.1/STM32CubeIDE/plugins/com.st.stm32cube.ide.mcu.externaltools.gnu-tools-for-stm32.12.3.rel1.win32_1.0.200.202406191623/tools/bin/../lib/gcc/arm-none-eabi/12.3.1/../../../../arm-none-eabi/lib/thumb/v8-m.main+fp/hard\libc.a(libc_a-mlock.o)
                              C:/ST/STM32CubeIDE_1.15.1/STM32CubeIDE/plugins/com.st.stm32cube.ide.mcu.externaltools.gnu-tools-for-stm32.12.3.rel1.win32_1.0.200.202406191623/tools/bin/../lib/gcc/arm-none-eabi/12.3.1/../../../../arm-none-eabi/lib/thumb/v8-m.main+fp/hard\libc.a(libc_a-mallocr.o) (__malloc_lock)
C:/ST/STM32CubeIDE_1.15.1/STM32CubeIDE/plugins/com.st.stm32cube.ide.mcu.externaltools.gnu-tools-for-stm32.12.3.rel1.win32_1.0.200.202406191623/tools/bin/../lib/gcc/arm-none-eabi/12.3.1/../../../../arm-none-eabi/lib/thumb/v8-m.main+fp/hard\libc.a(libc_a-strtol.o)
                              C:/ST/STM32CubeIDE_1.15.1/STM32CubeIDE/plugins/com.st.stm32cube.ide.mcu.externaltools.gnu-tools-for-stm32.12.3.rel1.win32_1.0.200.202406191623/tools/bin/../lib/gcc/arm-none-eabi/12.3.1/../../../../arm-none-eabi/lib/thumb/v8-m.main+fp/hard\libc.a(libc_a-atoi.o) (_strtol_r)
C:/ST/STM32CubeIDE_1.15.1/STM32CubeIDE/plugins/com.st.stm32cube.ide.mcu.externaltools.gnu-tools-for-stm32.12.3.rel1.win32_1.0.200.202406191623/tools/bin/../lib/gcc/arm-none-eabi/12.3.1/../../../../arm-none-eabi/lib/thumb/v8-m.main+fp/hard\libc.a(libc_a-ctype_.o)
                              C:/ST/STM32CubeIDE_1.15.1/STM32CubeIDE/plugins/com.st.stm32cube.ide.mcu.externaltools.gnu-tools-for-stm32.12.3.rel1.win32_1.0.200.202406191623/tools/bin/../lib/gcc/arm-none-eabi/12.3.1/../../../../arm-none-eabi/lib/thumb/v8-m.main+fp/hard\libc.a(libc_a-strtol.o) (_ctype_)
C:/ST/STM32CubeIDE_1.15.1/STM32CubeIDE/plugins/com.st.stm32cube.ide.mcu.externaltools.gnu-tools-for-stm32.12.3.rel1.win32_1.0.200.202406191623/tools/bin/../lib/gcc/arm-none-eabi/12.3.1/../../../../arm-none-eabi/lib/thumb/v8-m.main+fp/hard\libc.a(libc_a-findfp.o)
                              C:/ST/STM32CubeIDE_1.15.1/STM32CubeIDE/plugins/com.st.stm32cube.ide.mcu.externaltools.gnu-tools-for-stm32.12.3.rel1.win32_1.0.200.202406191623/tools/bin/../lib/gcc/arm-none-eabi/12.3.1/../../../../arm-none-eabi/lib/thumb/v8-m.main+fp/hard\libc.a(libc_a-exit.o) (__stdio_exit_handler)
C:/ST/STM32CubeIDE_1.15.1/STM32CubeIDE/plugins/com.st.stm32cube.ide.mcu.externaltools.gnu-tools-for-stm32.12.3.rel1.win32_1.0.200.202406191623/tools/bin/../lib/gcc/arm-none-eabi/12.3.1/../../../../arm-none-eabi/lib/thumb/v8-m.main+fp/hard\libc.a(libc_a-fwalk.o)
                              C:/ST/STM32CubeIDE_1.15.1/STM32CubeIDE/plugins/com.st.stm32cube.ide.mcu.externaltools.gnu-tools-for-stm32.12.3.rel1.win32_1.0.200.202406191623/tools/bin/../lib/gcc/arm-none-eabi/12.3.1/../../../../arm-none-eabi/lib/thumb/v8-m.main+fp/hard\libc.a(libc_a-findfp.o) (_fwalk_sglue)
C:/ST/STM32CubeIDE_1.15.1/STM32CubeIDE/plugins/com.st.stm32cube.ide.mcu.externaltools.gnu-tools-for-stm32.12.3.rel1.win32_1.0.200.202406191623/tools/bin/../lib/gcc/arm-none-eabi/12.3.1/../../../../arm-none-eabi/lib/thumb/v8-m.main+fp/hard\libc.a(libc_a-printf.o)
[...]
Memory Configuration

Name             Origin             Length             Attributes
RAM              0x20000000         0x000c0000         xrw
SRAM4            0x28000000         0x00004000         xrw
FLASH            0x08000000         0x00200000         xr
*default*        0x00000000         0xffffffff

Linker script and memory map

LOAD C:/ST/STM32CubeIDE_1.15.1/STM32CubeIDE/plugins/com.st.stm32cube.ide.mcu.externaltools.gnu-tools-for-stm32.12.3.rel1.win32_1.0.200.202406191623/tools/bin/../lib/gcc/arm-none-eabi/12.3.1/thumb/v8-m.main+fp/hard/crti.o
LOAD C:/ST/STM32CubeIDE_1.15.1/STM32CubeIDE/plugins/com.st.stm32cube.ide.mcu.externaltools.gnu-tools-for-stm32.12.3.rel1.win32_1.0.200.202406191623/tools/bin/../lib/gcc/arm-none-eabi/12.3.1/thumb/v8-m.main+fp/hard/crtbegin.o
LOAD C:/ST/STM32CubeIDE_1.15.1/STM32CubeIDE/plugins/com.st.stm32cube.ide.mcu.externaltools.gnu-tools-for-stm32.12.3.rel1.win32_1.0.200.202406191623/tools/bin/../lib/gcc/arm-none-eabi/12.3.1/../../../../arm-none-eabi/lib/thumb/v8-m.main+fp/hard/crt0.o
LOAD ./Core/Src/debug_uart.o
LOAD ./Core/Src/main.o
LOAD ./Core/Src/stm32u5xx_hal_msp.o
LOAD ./Core/Src/stm32u5xx_it.o
LOAD ./Core/Src/syscalls.o
LOAD ./Core/Src/sysmem.o
LOAD ./Core/Src/system_stm32u5xx.o
LOAD ./Core/Startup/startup_stm32u585aiixq.o
LOAD ./Drivers/BSP/B-U585I-IOT02A/b_u585i_iot02a_bus.o
LOAD ./Drivers/BSP/iotc_da16k_pmod/da16k_at.o
LOAD ./Drivers/BSP/iotc_da16k_pmod/da16k_comm.o
LOAD ./Drivers/BSP/iotc_da16k_pmod/da16k_sys.o
LOAD ./Drivers/STM32U5xx_HAL_Driver/Src/stm32u5xx_hal.o
LOAD ./Drivers/STM32U5xx_HAL_Driver/Src/stm32u5xx_hal_cortex.o
LOAD ./Drivers/STM32U5xx_HAL_Driver/Src/stm32u5xx_hal_dma.o
LOAD ./Drivers/STM32U5xx_HAL_Driver/Src/stm32u5xx_hal_dma_ex.o
LOAD ./Drivers/STM32U5xx_HAL_Driver/Src/stm32u5xx_hal_exti.o
LOAD ./Drivers/STM32U5xx_HAL_Driver/Src/stm32u5xx_hal_flash.o
LOAD ./Drivers/STM32U5xx_HAL_Driver/Src/stm32u5xx_hal_flash_ex.o
LOAD ./Drivers/STM32U5xx_HAL_Driver/Src/stm32u5xx_hal_gpio.o
LOAD ./Drivers/STM32U5xx_HAL_Driver/Src/stm32u5xx_hal_gtzc.o
LOAD ./Drivers/STM32U5xx_HAL_Driver/Src/stm32u5xx_hal_i2c.o
LOAD ./Drivers/STM32U5xx_HAL_Driver/Src/stm32u5xx_hal_i2c_ex.o
LOAD ./Drivers/STM32U5xx_HAL_Driver/Src/stm32u5xx_hal_icache.o
LOAD ./Drivers/STM32U5xx_HAL_Driver/Src/stm32u5xx_hal_mdf.o
LOAD ./Drivers/STM32U5xx_HAL_Driver/Src/stm32u5xx_hal_ospi.o
LOAD ./Drivers/STM32U5xx_HAL_Driver/Src/stm32u5xx_hal_pcd.o
LOAD ./Drivers/STM32U5xx_HAL_Driver/Src/stm32u5xx_hal_pcd_ex.o
LOAD ./Drivers/STM32U5xx_HAL_Driver/Src/stm32u5xx_hal_pwr.o
LOAD ./Drivers/STM32U5xx_HAL_Driver/Src/stm32u5xx_hal_pwr_ex.o
LOAD ./Drivers/STM32U5xx_HAL_Driver/Src/stm32u5xx_hal_rcc.o
LOAD ./Drivers/STM32U5xx_HAL_Driver/Src/stm32u5xx_hal_rcc_ex.o
LOAD ./Drivers/STM32U5xx_HAL_Driver/Src/stm32u5xx_hal_spi.o
LOAD ./Drivers/STM32U5xx_HAL_Driver/Src/stm32u5xx_hal_spi_ex.o
LOAD ./Drivers/STM32U5xx_HAL_Driver/Src/stm32u5xx_hal_tim.o
LOAD ./Drivers/STM32U5xx_HAL_Driver/Src/stm32u5xx_hal_tim_ex.o
LOAD ./Drivers/STM32U5xx_HAL_Driver/Src/stm32u5xx_hal_uart.o
LOAD ./Drivers/STM32U5xx_HAL_Driver/Src/stm32u5xx_hal_uart_ex.o
LOAD ./Drivers/STM32U5xx_HAL_Driver/Src/stm32u5xx_ll_dlyb.o
LOAD ./Drivers/STM32U5xx_HAL_Driver/Src/stm32u5xx_ll_dma.o
LOAD ./Drivers/STM32U5xx_HAL_Driver/Src/stm32u5xx_ll_exti.o
LOAD ./Drivers/STM32U5xx_HAL_Driver/Src/stm32u5xx_ll_gpio.o
LOAD ./Drivers/STM32U5xx_HAL_Driver/Src/stm32u5xx_ll_lpgpio.o
LOAD ./Drivers/STM32U5xx_HAL_Driver/Src/stm32u5xx_ll_ucpd.o
LOAD ./Drivers/STM32U5xx_HAL_Driver/Src/stm32u5xx_ll_usb.o
LOAD ./Drivers/STM32U5xx_HAL_Driver/Src/stm32u5xx_ll_utils.o
LOAD ./iotc_da16k_pmod/App/app_iotc_da16k_pmod.o
LOAD ./iotc_da16k_pmod/Target/da16k_uart.o
START GROUP
LOAD C:/ST/STM32CubeIDE_1.15.1/STM32CubeIDE/plugins/com.st.stm32cube.ide.mcu.externaltools.gnu-tools-for-stm32.12.3.rel1.win32_1.0.200.202406191623/tools/bin/../lib/gcc/arm-none-eabi/12.3.1/../../../../arm-none-eabi/lib/thumb/v8-m.main+fp/hard\libc.a
LOAD C:/ST/STM32CubeIDE_1.15.1/STM32CubeIDE/plugins/com.st.stm32cube.ide.mcu.externaltools.gnu-tools-for-stm32.12.3.rel1.win32_1.0.200.202406191623/tools/bin/../lib/gcc/arm-none-eabi/12.3.1/../../../../arm-none-eabi/lib/thumb/v8-m.main+fp/hard\libm.a
END GROUP
START GROUP
LOAD C:/ST/STM32CubeIDE_1.15.1/STM32CubeIDE/plugins/com.st.stm32cube.ide.mcu.externaltools.gnu-tools-for-stm32.12.3.rel1.win32_1.0.200.202406191623/tools/bin/../lib/gcc/arm-none-eabi/12.3.1/thumb/v8-m.main+fp/hard\libgcc.a
LOAD C:/ST/STM32CubeIDE_1.15.1/STM32CubeIDE/plugins/com.st.stm32cube.ide.mcu.externaltools.gnu-tools-for-stm32.12.3.rel1.win32_1.0.200.202406191623/tools/bin/../lib/gcc/arm-none-eabi/12.3.1/../../../../arm-none-eabi/lib/thumb/v8-m.main+fp/hard\libc.a
END GROUP
START GROUP
LOAD C:/ST/STM32CubeIDE_1.15.1/STM32CubeIDE/plugins/com.st.stm32cube.ide.mcu.externaltools.gnu-tools-for-stm32.12.3.rel1.win32_1.0.200.202406191623/tools/bin/../lib/gcc/arm-none-eabi/12.3.1/thumb/v8-m.main+fp/hard\libgcc.a
LOAD C:/ST/STM32CubeIDE_1.15.1/STM32CubeIDE/plugins/com.st.stm32cube.ide.mcu.externaltools.gnu-tools-for-stm32.12.3.rel1.win32_1.0.200.202406191623/tools/bin/../lib/gcc/arm-none-eabi/12.3.1/../../../../arm-none-eabi/lib/thumb/v8-m.main+fp/hard\libc.a
LOAD C:/ST/STM32CubeIDE_1.15.1/STM32CubeIDE/plugins/com.st.stm32cube.ide.mcu.externaltools.gnu-tools-for-stm32.12.3.rel1.win32_1.0.200.202406191623/tools/bin/../lib/gcc/arm-none-eabi/12.3.1/../../../../arm-none-eabi/lib/thumb/v8-m.main+fp/hard\libnosys.a
END GROUP
LOAD C:/ST/STM32CubeIDE_1.15.1/STM32CubeIDE/plugins/com.st.stm32cube.ide.mcu.externaltools.gnu-tools-for-stm32.12.3.rel1.win32_1.0.200.202406191623/tools/bin/../lib/gcc/arm-none-eabi/12.3.1/thumb/v8-m.main+fp/hard/crtend.o
LOAD C:/ST/STM32CubeIDE_1.15.1/STM32CubeIDE/plugins/com.st.stm32cube.ide.mcu.externaltools.gnu-tools-for-stm32.12.3.rel1.win32_1.0.200.202406191623/tools/bin/../lib/gcc/arm-none-eabi/12.3.1/thumb/v8-m.main+fp/hard/crtn.o
                0x200c0000                        _estack = (ORIGIN (RAM) + LENGTH (RAM))
                0x00000200                        _Min_Heap_Size = 0x200
                0x00000400                        _Min_Stack_Size = 0x400

.isr_vector     0x08000000      0x238
 *(.isr_vector)
 .isr_vector    0x08000000      0x238 ./Core/Startup/startup_stm32u585aiixq.o
                0x08000000                g_pfnVectors

.text           0x08000238    0x138f4
 *(.text)
 .text          0x08000238       0x40 C:/ST/STM32CubeIDE_1.15.1/STM32CubeIDE/plugins/com.st.stm32cube.ide.mcu.externaltools.gnu-tools-for-stm32.12.3.rel1.win32_1.0.200.202406191623/tools/bin/../lib/gcc/arm-none-eabi/12.3.1/thumb/v8-m.main+fp/hard/crtbegin.o
 .text          0x08000278       0x14 C:/ST/STM32CubeIDE_1.15.1/STM32CubeIDE/plugins/com.st.stm32cube.ide.mcu.externaltools.gnu-tools-for-stm32.12.3.rel1.win32_1.0.200.202406191623/tools/bin/../lib/gcc/arm-none-eabi/12.3.1/../../../../arm-none-eabi/lib/thumb/v8-m.main+fp/hard\libc.a(libc_a-strcmp.o)
                0x08000278                strcmp
 .text          0x0800028c       0x10 C:/ST/STM32CubeIDE_1.15.1/STM32CubeIDE/plugins/com.st.stm32cube.ide.mcu.externaltools.gnu-tools-for-stm32.12.3.rel1.win32_1.0.200.202406191623/tools/bin/../lib/gcc/arm-none-eabi/12.3.1/../../../../arm-none-eabi/lib/thumb/v8-m.main+fp/hard\libc.a(libc_a-strlen.o)
                0x0800028c                strlen
 .text          0x0800029c      0x378 C:/ST/STM32CubeIDE_1.15.1/STM32CubeIDE/plugins/com.st.stm32cube.ide.mcu.externaltools.gnu-tools-for-stm32.12.3.rel1.win32_1.0.200.202406191623/tools/bin/../lib/gcc/arm-none-eabi/12.3.1/thumb/v8-m.main+fp/hard\libgcc.a(_arm_addsubdf3.o)
                0x0800029c                __aeabi_drsub
                0x080002a4                __aeabi_dsub
                0x080002a4                __subdf3
                0x080002a8                __aeabi_dadd
                0x080002a8                __adddf3
                0x08000520                __floatunsidf
                0x08000520                __aeabi_ui2d
                0x08000540                __floatsidf
                0x08000540                __aeabi_i2d
                0x08000564                __aeabi_f2d
                0x08000564                __extendsfdf2
                0x080005a8                __floatundidf
                0x080005a8                __aeabi_ul2d
                0x080005b8                __floatdidf
                0x080005b8                __aeabi_l2d
 .text          0x08000614      0x424 C:/ST/STM32CubeIDE_1.15.1/STM32CubeIDE/plugins/com.st.stm32cube.ide.mcu.externaltools.gnu-tools-for-stm32.12.3.rel1.win32_1.0.200.202406191623/tools/bin/../lib/gcc/arm-none-eabi/12.3.1/thumb/v8-m.main+fp/hard\libgcc.a(_arm_muldivdf3.o)
                0x08000614                __aeabi_dmul
                0x08000614                __muldf3
                0x08000868                __divdf3
                0x08000868                __aeabi_ddiv
 .text          0x08000a38      0x110 C:/ST/STM32CubeIDE_1.15.1/STM32CubeIDE/plugins/com.st.stm32cube.ide.mcu.externaltools.gnu-tools-for-stm32.12.3.rel1.win32_1.0.200.202406191623/tools/bin/../lib/gcc/arm-none-eabi/12.3.1/thumb/v8-m.main+fp/hard\libgcc.a(_arm_cmpdf2.o)
                0x08000a38                __gtdf2
                0x08000a38                __gedf2
                0x08000a40                __ltdf2
                0x08000a40                __ledf2
                0x08000a48                __nedf2
                0x08000a48                __eqdf2
                0x08000a48                __cmpdf2
                0x08000ac4                __aeabi_cdrcmple
                0x08000ad4                __aeabi_cdcmpeq
                0x08000ad4                __aeabi_cdcmple
                0x08000ae4                __aeabi_dcmpeq
                0x08000af8                __aeabi_dcmplt
                0x08000b0c                __aeabi_dcmple
                0x08000b20                __aeabi_dcmpge
                0x08000b34                __aeabi_dcmpgt
 .text          0x08000b48       0x2c C:/ST/STM32CubeIDE_1.15.1/STM32CubeIDE/plugins/com.st.stm32cube.ide.mcu.externaltools.gnu-tools-for-stm32.12.3.rel1.win32_1.0.200.202406191623/tools/bin/../lib/gcc/arm-none-eabi/12.3.1/thumb/v8-m.main+fp/hard\libgcc.a(_arm_unorddf2.o)
                0x08000b48                __unorddf2
                0x08000b48                __aeabi_dcmpun
 .text          0x08000b74       0x50 C:/ST/STM32CubeIDE_1.15.1/STM32CubeIDE/plugins/com.st.stm32cube.ide.mcu.externaltools.gnu-tools-for-stm32.12.3.rel1.win32_1.0.200.202406191623/tools/bin/../lib/gcc/arm-none-eabi/12.3.1/thumb/v8-m.main+fp/hard\libgcc.a(_arm_fixdfsi.o)
                0x08000b74                __aeabi_d2iz
                0x08000b74                __fixdfsi
 .text          0x08000bc4       0x30 C:/ST/STM32CubeIDE_1.15.1/STM32CubeIDE/plugins/com.st.stm32cube.ide.mcu.externaltools.gnu-tools-for-stm32.12.3.rel1.win32_1.0.200.202406191623/tools/bin/../lib/gcc/arm-none-eabi/12.3.1/thumb/v8-m.main+fp/hard\libgcc.a(_aeabi_uldivmod.o)
                0x08000bc4                __aeabi_uldivmod
 .text          0x08000bf4      0x2e4 C:/ST/STM32CubeIDE_1.15.1/STM32CubeIDE/plugins/com.st.stm32cube.ide.mcu.externaltools.gnu-tools-for-stm32.12.3.rel1.win32_1.0.200.202406191623/tools/bin/../lib/gcc/arm-none-eabi/12.3.1/thumb/v8-m.main+fp/hard\libgcc.a(_udivmoddi4.o)
                0x08000bf4                __udivmoddi4
 .text          0x08000ed8        0x4 C:/ST/STM32CubeIDE_1.15.1/STM32CubeIDE/plugins/com.st.stm32cube.ide.mcu.externaltools.gnu-tools-for-stm32.12.3.rel1.win32_1.0.200.202406191623/tools/bin/../lib/gcc/arm-none-eabi/12.3.1/thumb/v8-m.main+fp/hard\libgcc.a(_dvmd_tls.o)
                0x08000ed8                __aeabi_idiv0
                0x08000ed8                __aeabi_ldiv0
 *(.text*)
 .text.head_to_tail_buf_write
                0x08000edc       0x46 ./Core/Src/debug_uart.o
                0x08000edc                head_to_tail_buf_write
 .text.head_to_tail_buf_read
                0x08000f22       0x5e ./Core/Src/debug_uart.o
                0x08000f22                head_to_tail_buf_read
 .text.HAL_DEBUG_UART_TxCpltCallback
                0x08000f80       0x14 ./Core/Src/debug_uart.o
                0x08000f80                HAL_DEBUG_UART_TxCpltCallback
 .text.HAL_DEBUG_UART_RxCpltCallback
                0x08000f94       0x3c ./Core/Src/debug_uart.o
                0x08000f94                HAL_DEBUG_UART_RxCpltCallback
 .text.__io_putchar
                0x08000fd0       0x30 ./Core/Src/debug_uart.o
                0x08000fd0                __io_putchar
 .text.__io_getchar
                0x08001000       0x28 ./Core/Src/debug_uart.o
                0x08001000                __io_getchar
 .text.LL_AHB2_GRP1_EnableClock
                0x08001028       0x38 ./Core/Src/main.o
 .text.LL_APB1_GRP2_EnableClock
                0x08001060       0x38 ./Core/Src/main.o
 .text.HAL_GPIO_EXTI_Rising_Callback
                0x08001098       0x34 ./Core/Src/main.o
                0x08001098                HAL_GPIO_EXTI_Rising_Callback
 .text.da16k_cmd_handler
                0x080010cc       0x60 ./Core/Src/main.o
                0x080010cc                da16k_cmd_handler
 .text.main     0x0800112c      0x17c ./Core/Src/main.o
                0x0800112c                main
 .text.SystemClock_Config
                0x080012a8       0xc8 ./Core/Src/main.o
                0x080012a8                SystemClock_Config
 .text.SystemPower_Config
                0x08001370       0x1c ./Core/Src/main.o
 .text.MX_ADF1_Init
                0x0800138c       0x9c ./Core/Src/main.o
 .text.MX_I2C1_Init
                0x08001428       0x80 ./Core/Src/main.o
 .text.MX_I2C2_Init
                0x080014a8       0x80 ./Core/Src/main.o
 .text.MX_ICACHE_Init
                0x08001528       0x26 ./Core/Src/main.o
 *fill*         0x0800154e        0x2 
 .text.MX_OCTOSPI1_Init
                0x08001550       0xf4 ./Core/Src/main.o
 .text.MX_OCTOSPI2_Init
                0x08001644       0xf8 ./Core/Src/main.o
 .text.MX_SPI2_Init
                0x0800173c       0xdc ./Core/Src/main.o
 .text.MX_UCPD1_Init
                0x08001818       0x6c ./Core/Src/main.o
 .text.MX_USART1_UART_Init
                0x08001884       0xd0 ./Core/Src/main.o
 .text.MX_USART3_UART_Init
                0x08001954       0xf4 ./Core/Src/main.o
 .text.MX_USB_OTG_FS_PCD_Init
                0x08001a48       0x64 ./Core/Src/main.o
 .text.MX_GPIO_Init
                0x08001aac      0x308 ./Core/Src/main.o
 .text.Error_Handler
                0x08001db4        0xc ./Core/Src/main.o
                0x08001db4                Error_Handler
 .text.HAL_MspInit
                0x08001dc0       0x34 ./Core/Src/stm32u5xx_hal_msp.o
                0x08001dc0                HAL_MspInit
 .text.HAL_MDF_MspInit
                0x08001df4       0xd4 ./Core/Src/stm32u5xx_hal_msp.o
                0x08001df4                HAL_MDF_MspInit
 .text.HAL_I2C_MspInit
                0x08001ec8      0x174 ./Core/Src/stm32u5xx_hal_msp.o
                0x08001ec8                HAL_I2C_MspInit
 .text.HAL_OSPI_MspInit
                0x0800203c      0x4d4 ./Core/Src/stm32u5xx_hal_msp.o
                0x0800203c                HAL_OSPI_MspInit
 .text.HAL_SPI_MspInit
                0x08002510      0x120 ./Core/Src/stm32u5xx_hal_msp.o
                0x08002510                HAL_SPI_MspInit
 .text.HAL_UART_MspInit
                0x08002630      0x190 ./Core/Src/stm32u5xx_hal_msp.o
                0x08002630                HAL_UART_MspInit
 .text.HAL_PCD_MspInit
                0x080027c0      0x118 ./Core/Src/stm32u5xx_hal_msp.o
                0x080027c0                HAL_PCD_MspInit
 .text.NMI_Handler
                0x080028d8        0x8 ./Core/Src/stm32u5xx_it.o
                0x080028d8                NMI_Handler
 .text.HardFault_Handler
                0x080028e0        0x8 ./Core/Src/stm32u5xx_it.o
                0x080028e0                HardFault_Handler
 .text.MemManage_Handler
                0x080028e8        0x8 ./Core/Src/stm32u5xx_it.o
                0x080028e8                MemManage_Handler
 .text.BusFault_Handler
                0x080028f0        0x8 ./Core/Src/stm32u5xx_it.o
                0x080028f0                BusFault_Handler
 .text.UsageFault_Handler
                0x080028f8        0x8 ./Core/Src/stm32u5xx_it.o
                0x080028f8                UsageFault_Handler
 .text.SVC_Handler
                0x08002900        0xe ./Core/Src/stm32u5xx_it.o
                0x08002900                SVC_Handler
 .text.DebugMon_Handler
                0x0800290e        0xe ./Core/Src/stm32u5xx_it.o
                0x0800290e                DebugMon_Handler
 .text.PendSV_Handler
                0x0800291c        0xe ./Core/Src/stm32u5xx_it.o
                0x0800291c                PendSV_Handler
 .text.SysTick_Handler
                0x0800292a        0xc ./Core/Src/stm32u5xx_it.o
                0x0800292a                SysTick_Handler
 .text.EXTI13_IRQHandler
                0x08002936       0x10 ./Core/Src/stm32u5xx_it.o
                0x08002936                EXTI13_IRQHandler
 *fill*         0x08002946        0x2 
 .text.USART1_IRQHandler
                0x08002948       0x14 ./Core/Src/stm32u5xx_it.o
                0x08002948                USART1_IRQHandler
 .text.USART2_IRQHandler
                0x0800295c       0x14 ./Core/Src/stm32u5xx_it.o
                0x0800295c                USART2_IRQHandler
 .text.USART3_IRQHandler
                0x08002970       0x14 ./Core/Src/stm32u5xx_it.o
                0x08002970                USART3_IRQHandler
 .text._getpid  0x08002984       0x10 ./Core/Src/syscalls.o
                0x08002984                _getpid
 .text._kill    0x08002994       0x20 ./Core/Src/syscalls.o
                0x08002994                _kill
 .text._exit    0x080029b4       0x16 ./Core/Src/syscalls.o
                0x080029b4                _exit
 .text._read    0x080029ca       0x3a ./Core/Src/syscalls.o
                0x080029ca                _read
 .text._write   0x08002a04       0x38 ./Core/Src/syscalls.o
                0x08002a04                _write
 .text._close   0x08002a3c       0x18 ./Core/Src/syscalls.o
                0x08002a3c                _close
 .text._fstat   0x08002a54       0x20 ./Core/Src/syscalls.o
                0x08002a54                _fstat
 .text._isatty  0x08002a74       0x16 ./Core/Src/syscalls.o
                0x08002a74                _isatty
 .text._lseek   0x08002a8a       0x1a ./Core/Src/syscalls.o
                0x08002a8a                _lseek
 .text._sbrk    0x08002aa4       0x6c ./Core/Src/sysmem.o
                0x08002aa4                _sbrk
 .text.SystemInit
                0x08002b10       0x70 ./Core/Src/system_stm32u5xx.o
                0x08002b10                SystemInit
 .text.Reset_Handler
                0x08002b80       0x50 ./Core/Startup/startup_stm32u585aiixq.o
                0x08002b80                Reset_Handler
 .text.Default_Handler
                0x08002bd0        0x2 ./Core/Startup/startup_stm32u585aiixq.o
                0x08002bd0                EXTI2_IRQHandler
                0x08002bd0                TIM8_TRG_COM_IRQHandler
                0x08002bd0                TIM8_CC_IRQHandler
                0x08002bd0                EXTI5_IRQHandler
                0x08002bd0                FLASH_S_IRQHandler
                0x08002bd0                TIM1_CC_IRQHandler
                0x08002bd0                TSC_IRQHandler
                0x08002bd0                TAMP_IRQHandler
                0x08002bd0                TIM6_IRQHandler
                0x08002bd0                EXTI12_IRQHandler
                0x08002bd0                CORDIC_IRQHandler
                0x08002bd0                EXTI3_IRQHandler
                0x08002bd0                LPTIM4_IRQHandler
                0x08002bd0                GPDMA1_Channel5_IRQHandler
                0x08002bd0                EXTI8_IRQHandler
                0x08002bd0                LPTIM2_IRQHandler
                0x08002bd0                I2C3_ER_IRQHandler
                0x08002bd0                PWR_S3WU_IRQHandler
                0x08002bd0                MDF1_FLT2_IRQHandler
                0x08002bd0                LPDMA1_Channel3_IRQHandler
                0x08002bd0                LPTIM3_IRQHandler
                0x08002bd0                EXTI0_IRQHandler
                0x08002bd0                I2C2_EV_IRQHandler
                0x08002bd0                FPU_IRQHandler
                0x08002bd0                GPDMA1_Channel3_IRQHandler
                0x08002bd0                GPDMA1_Channel7_IRQHandler
                0x08002bd0                MDF1_FLT4_IRQHandler
                0x08002bd0                FDCAN1_IT1_IRQHandler
                0x08002bd0                RAMCFG_IRQHandler
                0x08002bd0                GPDMA1_Channel9_IRQHandler
                0x08002bd0                DCACHE1_IRQHandler
                0x08002bd0                SPI1_IRQHandler
                0x08002bd0                OCTOSPI1_IRQHandler
                0x08002bd0                GPDMA1_Channel2_IRQHandler
                0x08002bd0                TIM8_UP_IRQHandler
                0x08002bd0                RCC_S_IRQHandler
                0x08002bd0                OCTOSPI2_IRQHandler
                0x08002bd0                SAI2_IRQHandler
                0x08002bd0                MDF1_FLT1_IRQHandler
                0x08002bd0                ADC1_IRQHandler
                0x08002bd0                PKA_IRQHandler
                0x08002bd0                MDF1_FLT5_IRQHandler
                0x08002bd0                EXTI15_IRQHandler
                0x08002bd0                TIM17_IRQHandler
                0x08002bd0                RTC_IRQHandler
                0x08002bd0                EXTI9_IRQHandler
                0x08002bd0                UART5_IRQHandler
                0x08002bd0                TIM4_IRQHandler
                0x08002bd0                I2C1_EV_IRQHandler
                0x08002bd0                GPDMA1_Channel12_IRQHandler
                0x08002bd0                GPDMA1_Channel1_IRQHandler
                0x08002bd0                TIM16_IRQHandler
                0x08002bd0                GPDMA1_Channel15_IRQHandler
                0x08002bd0                UART4_IRQHandler
                0x08002bd0                SecureFault_Handler
                0x08002bd0                TIM3_IRQHandler
                0x08002bd0                RCC_IRQHandler
                0x08002bd0                TIM1_TRG_COM_IRQHandler
                0x08002bd0                Default_Handler
                0x08002bd0                GPDMA1_Channel8_IRQHandler
                0x08002bd0                FMAC_IRQHandler
                0x08002bd0                OTFDEC1_IRQHandler
                0x08002bd0                GPDMA1_Channel11_IRQHandler
                0x08002bd0                TIM7_IRQHandler
                0x08002bd0                SDMMC1_IRQHandler
                0x08002bd0                SAES_IRQHandler
                0x08002bd0                TIM5_IRQHandler
                0x08002bd0                UCPD1_IRQHandler
                0x08002bd0                GPDMA1_Channel0_IRQHandler
                0x08002bd0                TIM15_IRQHandler
                0x08002bd0                I2C3_EV_IRQHandler
                0x08002bd0                LPDMA1_Channel0_IRQHandler
                0x08002bd0                PVD_PVM_IRQHandler
                0x08002bd0                SPI2_IRQHandler
                0x08002bd0                LPDMA1_Channel1_IRQHandler
                0x08002bd0                EXTI14_IRQHandler
                0x08002bd0                EXTI11_IRQHandler
                0x08002bd0                OTFDEC2_IRQHandler
                0x08002bd0                CRS_IRQHandler
                0x08002bd0                GPDMA1_Channel14_IRQHandler
                0x08002bd0                LSECSSD_IRQHandler
                0x08002bd0                EXTI4_IRQHandler
                0x08002bd0                RTC_S_IRQHandler
                0x08002bd0                GPDMA1_Channel13_IRQHandler
                0x08002bd0                RNG_IRQHandler
                0x08002bd0                COMP_IRQHandler
                0x08002bd0                TIM1_UP_IRQHandler
                0x08002bd0                ADC4_IRQHandler
                0x08002bd0                WWDG_IRQHandler
                0x08002bd0                I2C4_EV_IRQHandler
                0x08002bd0                ADF1_IRQHandler
                0x08002bd0                IWDG_IRQHandler
                0x08002bd0                LPUART1_IRQHandler
                0x08002bd0                MDF1_FLT0_IRQHandler
                0x08002bd0                FDCAN1_IT0_IRQHandler
                0x08002bd0                TIM2_IRQHandler
                0x08002bd0                GPDMA1_Channel4_IRQHandler
                0x08002bd0                EXTI7_IRQHandler
                0x08002bd0                DMA2D_IRQHandler
                0x08002bd0                TIM1_BRK_IRQHandler
                0x08002bd0                EXTI1_IRQHandler
                0x08002bd0                SDMMC2_IRQHandler
                0x08002bd0                AES_IRQHandler
                0x08002bd0                DAC1_IRQHandler
                0x08002bd0                GTZC_IRQHandler
                0x08002bd0                MDF1_FLT3_IRQHandler
                0x08002bd0                GPDMA1_Channel6_IRQHandler
                0x08002bd0                I2C2_ER_IRQHandler
                0x08002bd0                TIM8_BRK_IRQHandler
                0x08002bd0                FLASH_IRQHandler
                0x08002bd0                EXTI10_IRQHandler
                0x08002bd0                OTG_FS_IRQHandler
                0x08002bd0                SPI3_IRQHandler
                0x08002bd0                LPDMA1_Channel2_IRQHandler
                0x08002bd0                I2C1_ER_IRQHandler
                0x08002bd0                FMC_IRQHandler
                0x08002bd0                EXTI6_IRQHandler
                0x08002bd0                LPTIM1_IRQHandler
                0x08002bd0                DCMI_PSSI_IRQHandler
                0x08002bd0                I2C4_ER_IRQHandler
                0x08002bd0                GPDMA1_Channel10_IRQHandler
                0x08002bd0                ICACHE_IRQHandler
                0x08002bd0                SAI1_IRQHandler
                0x08002bd0                HASH_IRQHandler
 *fill*         0x08002bd2        0x2 
 .text.BSP_USART2_Init
                0x08002bd4       0x74 ./Drivers/BSP/B-U585I-IOT02A/b_u585i_iot02a_bus.o
                0x08002bd4                BSP_USART2_Init
 .text.BSP_USART2_RegisterDefaultMspCallbacks
                0x08002c48       0x6c ./Drivers/BSP/B-U585I-IOT02A/b_u585i_iot02a_bus.o
                0x08002c48                BSP_USART2_RegisterDefaultMspCallbacks
 .text.MX_USART2_UART_Init
                0x08002cb4       0xa4 ./Drivers/BSP/B-U585I-IOT02A/b_u585i_iot02a_bus.o
                0x08002cb4                MX_USART2_UART_Init
 .text.USART2_MspInit
                0x08002d58       0xe0 ./Drivers/BSP/B-U585I-IOT02A/b_u585i_iot02a_bus.o
 .text.USART2_MspDeInit
                0x08002e38       0x40 ./Drivers/BSP/B-U585I-IOT02A/b_u585i_iot02a_bus.o
 .text.da16k_at_get_response_line
                0x08002e78       0xb0 ./Drivers/BSP/iotc_da16k_pmod/da16k_at.o
 .text.da16k_at_get_start_of_response_data
                0x08002f28       0x90 ./Drivers/BSP/iotc_da16k_pmod/da16k_at.o
 .text.da16k_at_send_formatted_valist
                0x08002fb8       0x98 ./Drivers/BSP/iotc_da16k_pmod/da16k_at.o
 .text.da16k_at_is_line_only_whitespace
                0x08003050       0x50 ./Drivers/BSP/iotc_da16k_pmod/da16k_at.o
 .text.da16k_at_receive_and_validate_response
                0x080030a0      0x188 ./Drivers/BSP/iotc_da16k_pmod/da16k_at.o
                0x080030a0                da16k_at_receive_and_validate_response
 .text.da16k_at_send_formatted_msg
                0x08003228       0x48 ./Drivers/BSP/iotc_da16k_pmod/da16k_at.o
                0x08003228                da16k_at_send_formatted_msg
 .text.da16k_at_send_formatted_and_check_success
                0x08003270       0xa4 ./Drivers/BSP/iotc_da16k_pmod/da16k_at.o
                0x08003270                da16k_at_send_formatted_and_check_success
 .text.da16k_at_send_certificate
                0x08003314       0xdc ./Drivers/BSP/iotc_da16k_pmod/da16k_at.o
                0x08003314                da16k_at_send_certificate
 .text.da16k_at_get_response_str
                0x080033f0       0x14 ./Drivers/BSP/iotc_da16k_pmod/da16k_at.o
                0x080033f0                da16k_at_get_response_str
 .text.da16k_at_get_response_code
                0x08003404       0x14 ./Drivers/BSP/iotc_da16k_pmod/da16k_at.o
                0x08003404                da16k_at_get_response_code
 .text.da16k_get_cmd
                0x08003418      0x16c ./Drivers/BSP/iotc_da16k_pmod/da16k_comm.o
                0x08003418                da16k_get_cmd
 .text.da16k_destroy_cmd
                0x08003584       0x30 ./Drivers/BSP/iotc_da16k_pmod/da16k_comm.o
                0x08003584                da16k_destroy_cmd
 .text.da16k_init
                0x080035b4       0xd4 ./Drivers/BSP/iotc_da16k_pmod/da16k_comm.o
                0x080035b4                da16k_init
 .text.da16k_create_msg_str
                0x08003688       0xa8 ./Drivers/BSP/iotc_da16k_pmod/da16k_comm.o
                0x08003688                da16k_create_msg_str
 .text.da16k_create_msg_int
                0x08003730       0x38 ./Drivers/BSP/iotc_da16k_pmod/da16k_comm.o
                0x08003730                da16k_create_msg_int
 .text.da16k_destroy_msg
                0x08003768       0x30 ./Drivers/BSP/iotc_da16k_pmod/da16k_comm.o
                0x08003768                da16k_destroy_msg
 .text.da16k_check_send_and_destroy_msg
                0x08003798       0x74 ./Drivers/BSP/iotc_da16k_pmod/da16k_comm.o
 .text.da16k_send_msg_direct_str
                0x0800380c       0x58 ./Drivers/BSP/iotc_da16k_pmod/da16k_comm.o
                0x0800380c                da16k_send_msg_direct_str
 .text.da16k_send_msg_direct_int
                0x08003864       0x44 ./Drivers/BSP/iotc_da16k_pmod/da16k_comm.o
                0x08003864                da16k_send_msg_direct_int
 .text.da16k_send_msg
                0x080038a8       0x84 ./Drivers/BSP/iotc_da16k_pmod/da16k_comm.o
                0x080038a8                da16k_send_msg
 .text.da16k_set_iotc_connection_type
                0x0800392c       0x28 ./Drivers/BSP/iotc_da16k_pmod/da16k_comm.o
                0x0800392c                da16k_set_iotc_connection_type
 .text.da16k_set_iotc_auth_type
                0x08003954       0x28 ./Drivers/BSP/iotc_da16k_pmod/da16k_comm.o
                0x08003954                da16k_set_iotc_auth_type
 .text.da16k_set_iotc_cpid
                0x0800397c       0x44 ./Drivers/BSP/iotc_da16k_pmod/da16k_comm.o
                0x0800397c                da16k_set_iotc_cpid
 .text.da16k_set_iotc_duid
                0x080039c0       0x44 ./Drivers/BSP/iotc_da16k_pmod/da16k_comm.o
                0x080039c0                da16k_set_iotc_duid
 .text.da16k_set_iotc_env
                0x08003a04       0x44 ./Drivers/BSP/iotc_da16k_pmod/da16k_comm.o
                0x08003a04                da16k_set_iotc_env
 .text.da16k_iotc_start
                0x08003a48       0x58 ./Drivers/BSP/iotc_da16k_pmod/da16k_comm.o
                0x08003a48                da16k_iotc_start
 .text.da16k_iotc_stop
                0x08003aa0       0x24 ./Drivers/BSP/iotc_da16k_pmod/da16k_comm.o
                0x08003aa0                da16k_iotc_stop
 .text.da16k_iotc_reset
                0x08003ac4       0x24 ./Drivers/BSP/iotc_da16k_pmod/da16k_comm.o
                0x08003ac4                da16k_iotc_reset
 .text.da16k_set_wifi_config
                0x08003ae8       0x94 ./Drivers/BSP/iotc_da16k_pmod/da16k_comm.o
                0x08003ae8                da16k_set_wifi_config
 .text.da16k_set_device_cert
                0x08003b7c       0x8c ./Drivers/BSP/iotc_da16k_pmod/da16k_comm.o
                0x08003b7c                da16k_set_device_cert
 .text.da16k_setup_iotc_and_connect
                0x08003c08      0x158 ./Drivers/BSP/iotc_da16k_pmod/da16k_comm.o
                0x08003c08                da16k_setup_iotc_and_connect
 .text.da16k_malloc
                0x08003d60       0x18 ./Drivers/BSP/iotc_da16k_pmod/da16k_sys.o
                0x08003d60                da16k_malloc
 .text.da16k_free
                0x08003d78       0x1c ./Drivers/BSP/iotc_da16k_pmod/da16k_sys.o
                0x08003d78                da16k_free
 .text.da16k_strdup
                0x08003d94       0x36 ./Drivers/BSP/iotc_da16k_pmod/da16k_sys.o
                0x08003d94                da16k_strdup
 *fill*         0x08003dca        0x2 
 .text.HAL_Init
                0x08003dcc       0x60 ./Drivers/STM32U5xx_HAL_Driver/Src/stm32u5xx_hal.o
                0x08003dcc                HAL_Init
 .text.HAL_InitTick
                0x08003e2c       0xec ./Drivers/STM32U5xx_HAL_Driver/Src/stm32u5xx_hal.o
                0x08003e2c                HAL_InitTick
 .text.HAL_IncTick
                0x08003f18       0x28 ./Drivers/STM32U5xx_HAL_Driver/Src/stm32u5xx_hal.o
                0x08003f18                HAL_IncTick
 .text.HAL_GetTick
                0x08003f40       0x18 ./Drivers/STM32U5xx_HAL_Driver/Src/stm32u5xx_hal.o
                0x08003f40                HAL_GetTick
 .text.HAL_Delay
                0x08003f58       0x48 ./Drivers/STM32U5xx_HAL_Driver/Src/stm32u5xx_hal.o
                0x08003f58                HAL_Delay
 .text.__NVIC_SetPriorityGrouping
                0x08003fa0       0x48 ./Drivers/STM32U5xx_HAL_Driver/Src/stm32u5xx_hal_cortex.o
 .text.__NVIC_GetPriorityGrouping
                0x08003fe8       0x1c ./Drivers/STM32U5xx_HAL_Driver/Src/stm32u5xx_hal_cortex.o
 .text.__NVIC_EnableIRQ
                0x08004004       0x3c ./Drivers/STM32U5xx_HAL_Driver/Src/stm32u5xx_hal_cortex.o
 .text.__NVIC_DisableIRQ
                0x08004040       0x48 ./Drivers/STM32U5xx_HAL_Driver/Src/stm32u5xx_hal_cortex.o
 .text.__NVIC_SetPriority
                0x08004088       0x54 ./Drivers/STM32U5xx_HAL_Driver/Src/stm32u5xx_hal_cortex.o
 .text.NVIC_EncodePriority
                0x080040dc       0x66 ./Drivers/STM32U5xx_HAL_Driver/Src/stm32u5xx_hal_cortex.o
 .text.HAL_NVIC_SetPriorityGrouping
                0x08004142       0x16 ./Drivers/STM32U5xx_HAL_Driver/Src/stm32u5xx_hal_cortex.o
                0x08004142                HAL_NVIC_SetPriorityGrouping
 .text.HAL_NVIC_SetPriority
                0x08004158       0x34 ./Drivers/STM32U5xx_HAL_Driver/Src/stm32u5xx_hal_cortex.o
                0x08004158                HAL_NVIC_SetPriority
 .text.HAL_NVIC_EnableIRQ
                0x0800418c       0x1c ./Drivers/STM32U5xx_HAL_Driver/Src/stm32u5xx_hal_cortex.o
                0x0800418c                HAL_NVIC_EnableIRQ
 .text.HAL_NVIC_DisableIRQ
                0x080041a8       0x1c ./Drivers/STM32U5xx_HAL_Driver/Src/stm32u5xx_hal_cortex.o
                0x080041a8                HAL_NVIC_DisableIRQ
 .text.HAL_SYSTICK_Config
                0x080041c4       0x44 ./Drivers/STM32U5xx_HAL_Driver/Src/stm32u5xx_hal_cortex.o
                0x080041c4                HAL_SYSTICK_Config
 .text.HAL_SYSTICK_CLKSourceConfig
                0x08004208       0xb0 ./Drivers/STM32U5xx_HAL_Driver/Src/stm32u5xx_hal_cortex.o
                0x08004208                HAL_SYSTICK_CLKSourceConfig
 .text.HAL_SYSTICK_GetCLKSourceConfig
                0x080042b8       0x74 ./Drivers/STM32U5xx_HAL_Driver/Src/stm32u5xx_hal_cortex.o
                0x080042b8                HAL_SYSTICK_GetCLKSourceConfig
 .text.HAL_DMA_Abort
                0x0800432c       0xf8 ./Drivers/STM32U5xx_HAL_Driver/Src/stm32u5xx_hal_dma.o
                0x0800432c                HAL_DMA_Abort
 .text.HAL_DMA_Abort_IT
                0x08004424       0x52 ./Drivers/STM32U5xx_HAL_Driver/Src/stm32u5xx_hal_dma.o
                0x08004424                HAL_DMA_Abort_IT
 *fill*         0x08004476        0x2 
 .text.HAL_GPIO_Init
                0x08004478      0x3b0 ./Drivers/STM32U5xx_HAL_Driver/Src/stm32u5xx_hal_gpio.o
                0x08004478                HAL_GPIO_Init
 .text.HAL_GPIO_DeInit
                0x08004828      0x1bc ./Drivers/STM32U5xx_HAL_Driver/Src/stm32u5xx_hal_gpio.o
                0x08004828                HAL_GPIO_DeInit
 .text.HAL_GPIO_WritePin
                0x080049e4       0x30 ./Drivers/STM32U5xx_HAL_Driver/Src/stm32u5xx_hal_gpio.o
                0x080049e4                HAL_GPIO_WritePin
 .text.HAL_GPIO_TogglePin
                0x08004a14       0x34 ./Drivers/STM32U5xx_HAL_Driver/Src/stm32u5xx_hal_gpio.o
                0x08004a14                HAL_GPIO_TogglePin
 .text.HAL_GPIO_EXTI_IRQHandler
                0x08004a48       0x4c ./Drivers/STM32U5xx_HAL_Driver/Src/stm32u5xx_hal_gpio.o
                0x08004a48                HAL_GPIO_EXTI_IRQHandler
 .text.HAL_GPIO_EXTI_Falling_Callback
                0x08004a94       0x16 ./Drivers/STM32U5xx_HAL_Driver/Src/stm32u5xx_hal_gpio.o
                0x08004a94                HAL_GPIO_EXTI_Falling_Callback
 .text.HAL_I2C_Init
                0x08004aaa      0x136 ./Drivers/STM32U5xx_HAL_Driver/Src/stm32u5xx_hal_i2c.o
                0x08004aaa                HAL_I2C_Init
 .text.HAL_I2CEx_ConfigAnalogFilter
                0x08004be0       0x96 ./Drivers/STM32U5xx_HAL_Driver/Src/stm32u5xx_hal_i2c_ex.o
                0x08004be0                HAL_I2CEx_ConfigAnalogFilter
 .text.HAL_I2CEx_ConfigDigitalFilter
                0x08004c76       0x98 ./Drivers/STM32U5xx_HAL_Driver/Src/stm32u5xx_hal_i2c_ex.o
                0x08004c76                HAL_I2CEx_ConfigDigitalFilter
 *fill*         0x08004d0e        0x2 
 .text.HAL_ICACHE_ConfigAssociativityMode
                0x08004d10       0x40 ./Drivers/STM32U5xx_HAL_Driver/Src/stm32u5xx_hal_icache.o
                0x08004d10                HAL_ICACHE_ConfigAssociativityMode
 .text.HAL_ICACHE_Enable
                0x08004d50       0x20 ./Drivers/STM32U5xx_HAL_Driver/Src/stm32u5xx_hal_icache.o
                0x08004d50                HAL_ICACHE_Enable
 .text.HAL_MDF_Init
                0x08004d70      0x2b0 ./Drivers/STM32U5xx_HAL_Driver/Src/stm32u5xx_hal_mdf.o
                0x08004d70                HAL_MDF_Init
 .text.MDF_GetHandleNumberFromInstance
                0x08005020       0x88 ./Drivers/STM32U5xx_HAL_Driver/Src/stm32u5xx_hal_mdf.o
 .text.LL_DLYB_Enable
                0x080050a8       0x20 ./Drivers/STM32U5xx_HAL_Driver/Src/stm32u5xx_hal_ospi.o
 .text.HAL_OSPI_Init
                0x080050c8      0x178 ./Drivers/STM32U5xx_HAL_Driver/Src/stm32u5xx_hal_ospi.o
                0x080050c8                HAL_OSPI_Init
 .text.HAL_OSPI_Abort
                0x08005240       0xea ./Drivers/STM32U5xx_HAL_Driver/Src/stm32u5xx_hal_ospi.o
                0x08005240                HAL_OSPI_Abort
 .text.HAL_OSPI_SetTimeout
                0x0800532a       0x1e ./Drivers/STM32U5xx_HAL_Driver/Src/stm32u5xx_hal_ospi.o
                0x0800532a                HAL_OSPI_SetTimeout
 .text.HAL_OSPIM_Config
                0x08005348      0x9e4 ./Drivers/STM32U5xx_HAL_Driver/Src/stm32u5xx_hal_ospi.o
                0x08005348                HAL_OSPIM_Config
 .text.OSPI_WaitFlagStateUntilTimeout
                0x08005d2c       0x7e ./Drivers/STM32U5xx_HAL_Driver/Src/stm32u5xx_hal_ospi.o
 *fill*         0x08005daa        0x2 
 .text.OSPIM_GetConfig
                0x08005dac      0x174 ./Drivers/STM32U5xx_HAL_Driver/Src/stm32u5xx_hal_ospi.o
 .text.HAL_OSPI_DLYB_SetConfig
                0x08005f20       0x90 ./Drivers/STM32U5xx_HAL_Driver/Src/stm32u5xx_hal_ospi.o
                0x08005f20                HAL_OSPI_DLYB_SetConfig
 .text.HAL_PCD_Init
                0x08005fb0      0x230 ./Drivers/STM32U5xx_HAL_Driver/Src/stm32u5xx_hal_pcd.o
                0x08005fb0                HAL_PCD_Init
 .text.HAL_PCDEx_ActivateLPM
                0x080061e0       0x48 ./Drivers/STM32U5xx_HAL_Driver/Src/stm32u5xx_hal_pcd_ex.o
                0x080061e0                HAL_PCDEx_ActivateLPM
 .text.HAL_PWREx_ControlVoltageScaling
                0x08006228       0xfc ./Drivers/STM32U5xx_HAL_Driver/Src/stm32u5xx_hal_pwr_ex.o
                0x08006228                HAL_PWREx_ControlVoltageScaling
 .text.HAL_PWREx_GetVoltageRange
                0x08006324       0x1c ./Drivers/STM32U5xx_HAL_Driver/Src/stm32u5xx_hal_pwr_ex.o
                0x08006324                HAL_PWREx_GetVoltageRange
 .text.HAL_PWREx_ConfigSupply
                0x08006340       0xa0 ./Drivers/STM32U5xx_HAL_Driver/Src/stm32u5xx_hal_pwr_ex.o
                0x08006340                HAL_PWREx_ConfigSupply
 .text.HAL_PWREx_EnableVddUSB
                0x080063e0       0x20 ./Drivers/STM32U5xx_HAL_Driver/Src/stm32u5xx_hal_pwr_ex.o
                0x080063e0                HAL_PWREx_EnableVddUSB
 .text.HAL_PWREx_EnableVddIO2
                0x08006400       0x20 ./Drivers/STM32U5xx_HAL_Driver/Src/stm32u5xx_hal_pwr_ex.o
                0x08006400                HAL_PWREx_EnableVddIO2
 .text.HAL_RCC_OscConfig
                0x08006420      0xdb8 ./Drivers/STM32U5xx_HAL_Driver/Src/stm32u5xx_hal_rcc.o
                0x08006420                HAL_RCC_OscConfig
 .text.HAL_RCC_ClockConfig
                0x080071d8      0x3e4 ./Drivers/STM32U5xx_HAL_Driver/Src/stm32u5xx_hal_rcc.o
                0x080071d8                HAL_RCC_ClockConfig
 .text.HAL_RCC_GetSysClockFreq
                0x080075bc      0x204 ./Drivers/STM32U5xx_HAL_Driver/Src/stm32u5xx_hal_rcc.o
                0x080075bc                HAL_RCC_GetSysClockFreq
 .text.HAL_RCC_GetHCLKFreq
                0x080077c0       0x34 ./Drivers/STM32U5xx_HAL_Driver/Src/stm32u5xx_hal_rcc.o
                0x080077c0                HAL_RCC_GetHCLKFreq
 .text.HAL_RCC_GetPCLK1Freq
                0x080077f4       0x28 ./Drivers/STM32U5xx_HAL_Driver/Src/stm32u5xx_hal_rcc.o
                0x080077f4                HAL_RCC_GetPCLK1Freq
 .text.HAL_RCC_GetPCLK2Freq
                0x0800781c       0x28 ./Drivers/STM32U5xx_HAL_Driver/Src/stm32u5xx_hal_rcc.o
                0x0800781c                HAL_RCC_GetPCLK2Freq
 .text.HAL_RCC_GetPCLK3Freq
                0x08007844       0x28 ./Drivers/STM32U5xx_HAL_Driver/Src/stm32u5xx_hal_rcc.o
                0x08007844                HAL_RCC_GetPCLK3Freq
 .text.RCC_SetFlashLatencyFromMSIRange
                0x0800786c      0x10c ./Drivers/STM32U5xx_HAL_Driver/Src/stm32u5xx_hal_rcc.o
 .text.HAL_RCCEx_PeriphCLKConfig
                0x08007978      0xb80 ./Drivers/STM32U5xx_HAL_Driver/Src/stm32u5xx_hal_rcc_ex.o
                0x08007978                HAL_RCCEx_PeriphCLKConfig
 .text.HAL_RCCEx_GetPLL1ClockFreq
                0x080084f8      0x2b4 ./Drivers/STM32U5xx_HAL_Driver/Src/stm32u5xx_hal_rcc_ex.o
                0x080084f8                HAL_RCCEx_GetPLL1ClockFreq
 .text.HAL_RCCEx_GetPLL2ClockFreq
                0x080087ac      0x2b4 ./Drivers/STM32U5xx_HAL_Driver/Src/stm32u5xx_hal_rcc_ex.o
                0x080087ac                HAL_RCCEx_GetPLL2ClockFreq
 .text.HAL_RCCEx_GetPLL3ClockFreq
                0x08008a60      0x2b4 ./Drivers/STM32U5xx_HAL_Driver/Src/stm32u5xx_hal_rcc_ex.o
                0x08008a60                HAL_RCCEx_GetPLL3ClockFreq
 .text.HAL_RCCEx_GetPeriphCLKFreq
                0x08008d14     0x13c4 ./Drivers/STM32U5xx_HAL_Driver/Src/stm32u5xx_hal_rcc_ex.o
                0x08008d14                HAL_RCCEx_GetPeriphCLKFreq
 .text.RCCEx_PLL2_Config
                0x0800a0d8      0x130 ./Drivers/STM32U5xx_HAL_Driver/Src/stm32u5xx_hal_rcc_ex.o
 .text.RCCEx_PLL3_Config
                0x0800a208      0x130 ./Drivers/STM32U5xx_HAL_Driver/Src/stm32u5xx_hal_rcc_ex.o
 .text.HAL_SPI_Init
                0x0800a338      0x22c ./Drivers/STM32U5xx_HAL_Driver/Src/stm32u5xx_hal_spi.o
                0x0800a338                HAL_SPI_Init
 .text.SPI_GetPacketSize
                0x0800a564       0x36 ./Drivers/STM32U5xx_HAL_Driver/Src/stm32u5xx_hal_spi.o
 .text.HAL_SPIEx_SetConfigAutonomousMode
                0x0800a59a       0x82 ./Drivers/STM32U5xx_HAL_Driver/Src/stm32u5xx_hal_spi_ex.o
                0x0800a59a                HAL_SPIEx_SetConfigAutonomousMode
 .text.HAL_UART_Init
                0x0800a61c       0xc0 ./Drivers/STM32U5xx_HAL_Driver/Src/stm32u5xx_hal_uart.o
                0x0800a61c                HAL_UART_Init
 .text.HAL_UART_RegisterCallback
                0x0800a6dc      0x168 ./Drivers/STM32U5xx_HAL_Driver/Src/stm32u5xx_hal_uart.o
                0x0800a6dc                HAL_UART_RegisterCallback
 .text.HAL_UART_Transmit
                0x0800a844      0x13c ./Drivers/STM32U5xx_HAL_Driver/Src/stm32u5xx_hal_uart.o
                0x0800a844                HAL_UART_Transmit
 .text.HAL_UART_Transmit_IT
                0x0800a980      0x148 ./Drivers/STM32U5xx_HAL_Driver/Src/stm32u5xx_hal_uart.o
                0x0800a980                HAL_UART_Transmit_IT
 .text.HAL_UART_Receive_IT
                0x0800aac8       0xc4 ./Drivers/STM32U5xx_HAL_Driver/Src/stm32u5xx_hal_uart.o
                0x0800aac8                HAL_UART_Receive_IT
 .text.HAL_UART_IRQHandler
                0x0800ab8c      0x59c ./Drivers/STM32U5xx_HAL_Driver/Src/stm32u5xx_hal_uart.o
                0x0800ab8c                HAL_UART_IRQHandler
 .text.HAL_UART_TxCpltCallback
                0x0800b128       0x14 ./Drivers/STM32U5xx_HAL_Driver/Src/stm32u5xx_hal_uart.o
                0x0800b128                HAL_UART_TxCpltCallback
 .text.HAL_UART_TxHalfCpltCallback
                0x0800b13c       0x14 ./Drivers/STM32U5xx_HAL_Driver/Src/stm32u5xx_hal_uart.o
                0x0800b13c                HAL_UART_TxHalfCpltCallback
 .text.HAL_UART_RxCpltCallback
                0x0800b150       0x14 ./Drivers/STM32U5xx_HAL_Driver/Src/stm32u5xx_hal_uart.o
                0x0800b150                HAL_UART_RxCpltCallback
 .text.HAL_UART_RxHalfCpltCallback
                0x0800b164       0x14 ./Drivers/STM32U5xx_HAL_Driver/Src/stm32u5xx_hal_uart.o
                0x0800b164                HAL_UART_RxHalfCpltCallback
 .text.HAL_UART_ErrorCallback
                0x0800b178       0x14 ./Drivers/STM32U5xx_HAL_Driver/Src/stm32u5xx_hal_uart.o
                0x0800b178                HAL_UART_ErrorCallback
 .text.HAL_UART_AbortCpltCallback
                0x0800b18c       0x14 ./Drivers/STM32U5xx_HAL_Driver/Src/stm32u5xx_hal_uart.o
                0x0800b18c                HAL_UART_AbortCpltCallback
 .text.HAL_UART_AbortTransmitCpltCallback
                0x0800b1a0       0x14 ./Drivers/STM32U5xx_HAL_Driver/Src/stm32u5xx_hal_uart.o
                0x0800b1a0                HAL_UART_AbortTransmitCpltCallback
 .text.HAL_UART_AbortReceiveCpltCallback
                0x0800b1b4       0x14 ./Drivers/STM32U5xx_HAL_Driver/Src/stm32u5xx_hal_uart.o
                0x0800b1b4                HAL_UART_AbortReceiveCpltCallback
 .text.HAL_UARTEx_RxEventCallback
                0x0800b1c8       0x18 ./Drivers/STM32U5xx_HAL_Driver/Src/stm32u5xx_hal_uart.o
                0x0800b1c8                HAL_UARTEx_RxEventCallback
 .text.HAL_UART_GetState
                0x0800b1e0       0x2a ./Drivers/STM32U5xx_HAL_Driver/Src/stm32u5xx_hal_uart.o
                0x0800b1e0                HAL_UART_GetState
 *fill*         0x0800b20a        0x2 
 .text.UART_InitCallbacksToDefault
                0x0800b20c       0x98 ./Drivers/STM32U5xx_HAL_Driver/Src/stm32u5xx_hal_uart.o
                0x0800b20c                UART_InitCallbacksToDefault
 .text.UART_SetConfig
                0x0800b2a4      0x344 ./Drivers/STM32U5xx_HAL_Driver/Src/stm32u5xx_hal_uart.o
                0x0800b2a4                UART_SetConfig
 .text.UART_AdvFeatureConfig
                0x0800b5e8      0x144 ./Drivers/STM32U5xx_HAL_Driver/Src/stm32u5xx_hal_uart.o
                0x0800b5e8                UART_AdvFeatureConfig
 .text.UART_CheckIdleState
                0x0800b72c      0x154 ./Drivers/STM32U5xx_HAL_Driver/Src/stm32u5xx_hal_uart.o
                0x0800b72c                UART_CheckIdleState
 .text.UART_WaitOnFlagUntilTimeout
                0x0800b880       0xda ./Drivers/STM32U5xx_HAL_Driver/Src/stm32u5xx_hal_uart.o
                0x0800b880                UART_WaitOnFlagUntilTimeout
 *fill*         0x0800b95a        0x2 
 .text.UART_Start_Receive_IT
                0x0800b95c      0x244 ./Drivers/STM32U5xx_HAL_Driver/Src/stm32u5xx_hal_uart.o
                0x0800b95c                UART_Start_Receive_IT
 .text.UART_EndRxTransfer
                0x0800bba0       0xcc ./Drivers/STM32U5xx_HAL_Driver/Src/stm32u5xx_hal_uart.o
 .text.UART_DMAAbortOnError
                0x0800bc6c       0x30 ./Drivers/STM32U5xx_HAL_Driver/Src/stm32u5xx_hal_uart.o
 .text.UART_TxISR_8BIT
                0x0800bc9c       0xb8 ./Drivers/STM32U5xx_HAL_Driver/Src/stm32u5xx_hal_uart.o
 .text.UART_TxISR_16BIT
                0x0800bd54       0xc2 ./Drivers/STM32U5xx_HAL_Driver/Src/stm32u5xx_hal_uart.o
 .text.UART_TxISR_8BIT_FIFOEN
                0x0800be16       0xe0 ./Drivers/STM32U5xx_HAL_Driver/Src/stm32u5xx_hal_uart.o
 .text.UART_TxISR_16BIT_FIFOEN
                0x0800bef6       0xea ./Drivers/STM32U5xx_HAL_Driver/Src/stm32u5xx_hal_uart.o
 .text.UART_EndTransmit_IT
                0x0800bfe0       0x5a ./Drivers/STM32U5xx_HAL_Driver/Src/stm32u5xx_hal_uart.o
 *fill*         0x0800c03a        0x2 
 .text.UART_RxISR_8BIT
                0x0800c03c      0x1cc ./Drivers/STM32U5xx_HAL_Driver/Src/stm32u5xx_hal_uart.o
 .text.UART_RxISR_16BIT
                0x0800c208      0x1cc ./Drivers/STM32U5xx_HAL_Driver/Src/stm32u5xx_hal_uart.o
 .text.UART_RxISR_8BIT_FIFOEN
                0x0800c3d4      0x37c ./Drivers/STM32U5xx_HAL_Driver/Src/stm32u5xx_hal_uart.o
 .text.UART_RxISR_16BIT_FIFOEN
                0x0800c750      0x384 ./Drivers/STM32U5xx_HAL_Driver/Src/stm32u5xx_hal_uart.o
 .text.HAL_UARTEx_RxFifoFullCallback
                0x0800cad4       0x14 ./Drivers/STM32U5xx_HAL_Driver/Src/stm32u5xx_hal_uart_ex.o
                0x0800cad4                HAL_UARTEx_RxFifoFullCallback
 .text.HAL_UARTEx_TxFifoEmptyCallback
                0x0800cae8       0x14 ./Drivers/STM32U5xx_HAL_Driver/Src/stm32u5xx_hal_uart_ex.o
                0x0800cae8                HAL_UARTEx_TxFifoEmptyCallback
 .text.HAL_UARTEx_DisableFifoMode
                0x0800cafc       0x72 ./Drivers/STM32U5xx_HAL_Driver/Src/stm32u5xx_hal_uart_ex.o
                0x0800cafc                HAL_UARTEx_DisableFifoMode
 .text.HAL_UARTEx_SetTxFifoThreshold
                0x0800cb6e       0x7c ./Drivers/STM32U5xx_HAL_Driver/Src/stm32u5xx_hal_uart_ex.o
                0x0800cb6e                HAL_UARTEx_SetTxFifoThreshold
 .text.HAL_UARTEx_SetRxFifoThreshold
                0x0800cbea       0x7c ./Drivers/STM32U5xx_HAL_Driver/Src/stm32u5xx_hal_uart_ex.o
                0x0800cbea                HAL_UARTEx_SetRxFifoThreshold
 *fill*         0x0800cc66        0x2 
 .text.UARTEx_SetNbDataToProcess
                0x0800cc68       0x9c ./Drivers/STM32U5xx_HAL_Driver/Src/stm32u5xx_hal_uart_ex.o
 .text.LL_DLYB_SetDelay
                0x0800cd04       0x3e ./Drivers/STM32U5xx_HAL_Driver/Src/stm32u5xx_ll_dlyb.o
                0x0800cd04                LL_DLYB_SetDelay
 .text.LL_GPIO_SetPinMode
                0x0800cd42       0x7a ./Drivers/STM32U5xx_HAL_Driver/Src/stm32u5xx_ll_gpio.o
 .text.LL_GPIO_SetPinOutputType
                0x0800cdbc       0x30 ./Drivers/STM32U5xx_HAL_Driver/Src/stm32u5xx_ll_gpio.o
 .text.LL_GPIO_SetPinSpeed
                0x0800cdec       0x7a ./Drivers/STM32U5xx_HAL_Driver/Src/stm32u5xx_ll_gpio.o
 .text.LL_GPIO_SetPinPull
                0x0800ce66       0x7a ./Drivers/STM32U5xx_HAL_Driver/Src/stm32u5xx_ll_gpio.o
 .text.LL_GPIO_SetAFPin_0_7
                0x0800cee0       0x7a ./Drivers/STM32U5xx_HAL_Driver/Src/stm32u5xx_ll_gpio.o
 .text.LL_GPIO_SetAFPin_8_15
                0x0800cf5a       0x7e ./Drivers/STM32U5xx_HAL_Driver/Src/stm32u5xx_ll_gpio.o
 .text.LL_GPIO_Init
                0x0800cfd8       0xfc ./Drivers/STM32U5xx_HAL_Driver/Src/stm32u5xx_ll_gpio.o
                0x0800cfd8                LL_GPIO_Init
 .text.USB_CoreInit
                0x0800d0d4       0x5a ./Drivers/STM32U5xx_HAL_Driver/Src/stm32u5xx_ll_usb.o
                0x0800d0d4                USB_CoreInit
 .text.USB_DisableGlobalInt
                0x0800d12e       0x22 ./Drivers/STM32U5xx_HAL_Driver/Src/stm32u5xx_ll_usb.o
                0x0800d12e                USB_DisableGlobalInt
 .text.USB_SetCurrentMode
                0x0800d150       0x98 ./Drivers/STM32U5xx_HAL_Driver/Src/stm32u5xx_ll_usb.o
                0x0800d150                USB_SetCurrentMode
 .text.USB_DevInit
                0x0800d1e8      0x298 ./Drivers/STM32U5xx_HAL_Driver/Src/stm32u5xx_ll_usb.o
                0x0800d1e8                USB_DevInit
 .text.USB_FlushTxFifo
                0x0800d480       0x64 ./Drivers/STM32U5xx_HAL_Driver/Src/stm32u5xx_ll_usb.o
                0x0800d480                USB_FlushTxFifo
 .text.USB_FlushRxFifo
                0x0800d4e4       0x5c ./Drivers/STM32U5xx_HAL_Driver/Src/stm32u5xx_ll_usb.o
                0x0800d4e4                USB_FlushRxFifo
 .text.USB_SetDevSpeed
                0x0800d540       0x32 ./Drivers/STM32U5xx_HAL_Driver/Src/stm32u5xx_ll_usb.o
                0x0800d540                USB_SetDevSpeed
 .text.USB_DevDisconnect
                0x0800d572       0x42 ./Drivers/STM32U5xx_HAL_Driver/Src/stm32u5xx_ll_usb.o
                0x0800d572                USB_DevDisconnect
 .text.USB_GetMode
                0x0800d5b4       0x1c ./Drivers/STM32U5xx_HAL_Driver/Src/stm32u5xx_ll_usb.o
                0x0800d5b4                USB_GetMode
 .text.USB_CoreReset
                0x0800d5d0       0x62 ./Drivers/STM32U5xx_HAL_Driver/Src/stm32u5xx_ll_usb.o
 *fill*         0x0800d632        0x2 
 .text.da16k_get_config
                0x0800d634       0x14 ./iotc_da16k_pmod/App/app_iotc_da16k_pmod.o
                0x0800d634                da16k_get_config
 .text.MX_iotc_da16k_pmod_Init
                0x0800d648       0x38 ./iotc_da16k_pmod/App/app_iotc_da16k_pmod.o
                0x0800d648                MX_iotc_da16k_pmod_Init
 .text.MX_iotc_da16k_pmod_Process
                0x0800d680       0x60 ./iotc_da16k_pmod/App/app_iotc_da16k_pmod.o
                0x0800d680                MX_iotc_da16k_pmod_Process
 .text.HAL_DA16K_UART_TxCpltCallback
                0x0800d6e0       0x14 ./iotc_da16k_pmod/Target/da16k_uart.o
                0x0800d6e0                HAL_DA16K_UART_TxCpltCallback
 .text.HAL_DA16K_UART_RxCpltCallback
                0x0800d6f4       0x5c ./iotc_da16k_pmod/Target/da16k_uart.o
                0x0800d6f4                HAL_DA16K_UART_RxCpltCallback
 .text.da16k_uart_init
                0x0800d750       0x68 ./iotc_da16k_pmod/Target/da16k_uart.o
                0x0800d750                da16k_uart_init
 .text.da16k_uart_send
                0x0800d7b8       0x7c ./iotc_da16k_pmod/Target/da16k_uart.o
                0x0800d7b8                da16k_uart_send
 .text.da16k_uart_get_char
                0x0800d834       0x78 ./iotc_da16k_pmod/Target/da16k_uart.o
                0x0800d834                da16k_uart_get_char
 .text.atoi     0x0800d8ac        0x8 C:/ST/STM32CubeIDE_1.15.1/STM32CubeIDE/plugins/com.st.stm32cube.ide.mcu.externaltools.gnu-tools-for-stm32.12.3.rel1.win32_1.0.200.202406191623/tools/bin/../lib/gcc/arm-none-eabi/12.3.1/../../../../arm-none-eabi/lib/thumb/v8-m.main+fp/hard\libc.a(libc_a-atoi.o)
                0x0800d8ac                atoi
 .text.malloc   0x0800d8b4       0x10 C:/ST/STM32CubeIDE_1.15.1/STM32CubeIDE/plugins/com.st.stm32cube.ide.mcu.externaltools.gnu-tools-for-stm32.12.3.rel1.win32_1.0.200.202406191623/tools/bin/../lib/gcc/arm-none-eabi/12.3.1/../../../../arm-none-eabi/lib/thumb/v8-m.main+fp/hard\libc.a(libc_a-malloc.o)
                0x0800d8b4                malloc
 .text.free     0x0800d8c4       0x10 C:/ST/STM32CubeIDE_1.15.1/STM32CubeIDE/plugins/com.st.stm32cube.ide.mcu.externaltools.gnu-tools-for-stm32.12.3.rel1.win32_1.0.200.202406191623/tools/bin/../lib/gcc/arm-none-eabi/12.3.1/../../../../arm-none-eabi/lib/thumb/v8-m.main+fp/hard\libc.a(libc_a-malloc.o)
                0x0800d8c4                free
 .text._malloc_r
                0x0800d8d4      0x474 C:/ST/STM32CubeIDE_1.15.1/STM32CubeIDE/plugins/com.st.stm32cube.ide.mcu.externaltools.gnu-tools-for-stm32.12.3.rel1.win32_1.0.200.202406191623/tools/bin/../lib/gcc/arm-none-eabi/12.3.1/../../../../arm-none-eabi/lib/thumb/v8-m.main+fp/hard\libc.a(libc_a-mallocr.o)
                0x0800d8d4                _malloc_r
 .text.__malloc_lock
                0x0800dd48        0xc C:/ST/STM32CubeIDE_1.15.1/STM32CubeIDE/plugins/com.st.stm32cube.ide.mcu.externaltools.gnu-tools-for-stm32.12.3.rel1.win32_1.0.200.202406191623/tools/bin/../lib/gcc/arm-none-eabi/12.3.1/../../../../arm-none-eabi/lib/thumb/v8-m.main+fp/hard\libc.a(libc_a-mlock.o)
                0x0800dd48                __malloc_lock
 .text.__malloc_unlock
                0x0800dd54        0xc C:/ST/STM32CubeIDE_1.15.1/STM32CubeIDE/plugins/com.st.stm32cube.ide.mcu.externaltools.gnu-tools-for-stm32.12.3.rel1.win32_1.0.200.202406191623/tools/bin/../lib/gcc/arm-none-eabi/12.3.1/../../../../arm-none-eabi/lib/thumb/v8-m.main+fp/hard\libc.a(libc_a-mlock.o)
                0x0800dd54                __malloc_unlock
 .text._strtol_l.constprop.0
                0x0800dd60       0xf4 C:/ST/STM32CubeIDE_1.15.1/STM32CubeIDE/plugins/com.st.stm32cube.ide.mcu.externaltools.gnu-tools-for-stm32.12.3.rel1.win32_1.0.200.202406191623/tools/bin/../lib/gcc/arm-none-eabi/12.3.1/../../../../arm-none-eabi/lib/thumb/v8-m.main+fp/hard\libc.a(libc_a-strtol.o)
 .text.strtol   0x0800de54       0x14 C:/ST/STM32CubeIDE_1.15.1/STM32CubeIDE/plugins/com.st.stm32cube.ide.mcu.externaltools.gnu-tools-for-stm32.12.3.rel1.win32_1.0.200.202406191623/tools/bin/../lib/gcc/arm-none-eabi/12.3.1/../../../../arm-none-eabi/lib/thumb/v8-m.main+fp/hard\libc.a(libc_a-strtol.o)
                0x0800de54                strtol
 .text.std      0x0800de68       0x6c C:/ST/STM32CubeIDE_1.15.1/STM32CubeIDE/plugins/com.st.stm32cube.ide.mcu.externaltools.gnu-tools-for-stm32.12.3.rel1.win32_1.0.200.202406191623/tools/bin/../lib/gcc/arm-none-eabi/12.3.1/../../../../arm-none-eabi/lib/thumb/v8-m.main+fp/hard\libc.a(libc_a-findfp.o)
 .text.stdio_exit_handler
                0x0800ded4       0x18 C:/ST/STM32CubeIDE_1.15.1/STM32CubeIDE/plugins/com.st.stm32cube.ide.mcu.externaltools.gnu-tools-for-stm32.12.3.rel1.win32_1.0.200.202406191623/tools/bin/../lib/gcc/arm-none-eabi/12.3.1/../../../../arm-none-eabi/lib/thumb/v8-m.main+fp/hard\libc.a(libc_a-findfp.o)
 .text.cleanup_stdio
                0x0800deec       0x40 C:/ST/STM32CubeIDE_1.15.1/STM32CubeIDE/plugins/com.st.stm32cube.ide.mcu.externaltools.gnu-tools-for-stm32.12.3.rel1.win32_1.0.200.202406191623/tools/bin/../lib/gcc/arm-none-eabi/12.3.1/../../../../arm-none-eabi/lib/thumb/v8-m.main+fp/hard\libc.a(libc_a-findfp.o)
 .text.global_stdio_init.part.0
                0x0800df2c       0x3c C:/ST/STM32CubeIDE_1.15.1/STM32CubeIDE/plugins/com.st.stm32cube.ide.mcu.externaltools.gnu-tools-for-stm32.12.3.rel1.win32_1.0.200.202406191623/tools/bin/../lib/gcc/arm-none-eabi/12.3.1/../../../../arm-none-eabi/lib/thumb/v8-m.main+fp/hard\libc.a(libc_a-findfp.o)
 .text.__sfp_lock_acquire
                0x0800df68        0xc C:/ST/STM32CubeIDE_1.15.1/STM32CubeIDE/plugins/com.st.stm32cube.ide.mcu.externaltools.gnu-tools-for-stm32.12.3.rel1.win32_1.0.200.202406191623/tools/bin/../lib/gcc/arm-none-eabi/12.3.1/../../../../arm-none-eabi/lib/thumb/v8-m.main+fp/hard\libc.a(libc_a-findfp.o)
                0x0800df68                __sfp_lock_acquire
 .text.__sfp_lock_release
                0x0800df74        0xc C:/ST/STM32CubeIDE_1.15.1/STM32CubeIDE/plugins/com.st.stm32cube.ide.mcu.externaltools.gnu-tools-for-stm32.12.3.rel1.win32_1.0.200.202406191623/tools/bin/../lib/gcc/arm-none-eabi/12.3.1/../../../../arm-none-eabi/lib/thumb/v8-m.main+fp/hard\libc.a(libc_a-findfp.o)
                0x0800df74                __sfp_lock_release
 .text.__sinit  0x0800df80       0x30 C:/ST/STM32CubeIDE_1.15.1/STM32CubeIDE/plugins/com.st.stm32cube.ide.mcu.externaltools.gnu-tools-for-stm32.12.3.rel1.win32_1.0.200.202406191623/tools/bin/../lib/gcc/arm-none-eabi/12.3.1/../../../../arm-none-eabi/lib/thumb/v8-m.main+fp/hard\libc.a(libc_a-findfp.o)
                0x0800df80                __sinit
 .text._fwalk_sglue
                0x0800dfb0       0x3c C:/ST/STM32CubeIDE_1.15.1/STM32CubeIDE/plugins/com.st.stm32cube.ide.mcu.externaltools.gnu-tools-for-stm32.12.3.rel1.win32_1.0.200.202406191623/tools/bin/../lib/gcc/arm-none-eabi/12.3.1/../../../../arm-none-eabi/lib/thumb/v8-m.main+fp/hard\libc.a(libc_a-fwalk.o)
                0x0800dfb0                _fwalk_sglue
 .text.printf   0x0800dfec       0x24 C:/ST/STM32CubeIDE_1.15.1/STM32CubeIDE/plugins/com.st.stm32cube.ide.mcu.externaltools.gnu-tools-for-stm32.12.3.rel1.win32_1.0.200.202406191623/tools/bin/../lib/gcc/arm-none-eabi/12.3.1/../../../../arm-none-eabi/lib/thumb/v8-m.main+fp/hard\libc.a(libc_a-printf.o)
                0x0800dfec                printf
 .text._puts_r  0x0800e010       0x8c C:/ST/STM32CubeIDE_1.15.1/STM32CubeIDE/plugins/com.st.stm32cube.ide.mcu.externaltools.gnu-tools-for-stm32.12.3.rel1.win32_1.0.200.202406191623/tools/bin/../lib/gcc/arm-none-eabi/12.3.1/../../../../arm-none-eabi/lib/thumb/v8-m.main+fp/hard\libc.a(libc_a-puts.o)
                0x0800e010                _puts_r
 .text.puts     0x0800e09c       0x10 C:/ST/STM32CubeIDE_1.15.1/STM32CubeIDE/plugins/com.st.stm32cube.ide.mcu.externaltools.gnu-tools-for-stm32.12.3.rel1.win32_1.0.200.202406191623/tools/bin/../lib/gcc/arm-none-eabi/12.3.1/../../../../arm-none-eabi/lib/thumb/v8-m.main+fp/hard\libc.a(libc_a-puts.o)
                0x0800e09c                puts
 .text.snprintf
                0x0800e0ac       0x68 C:/ST/STM32CubeIDE_1.15.1/STM32CubeIDE/plugins/com.st.stm32cube.ide.mcu.externaltools.gnu-tools-for-stm32.12.3.rel1.win32_1.0.200.202406191623/tools/bin/../lib/gcc/arm-none-eabi/12.3.1/../../../../arm-none-eabi/lib/thumb/v8-m.main+fp/hard\libc.a(libc_a-snprintf.o)
                0x0800e0ac                snprintf
 .text.sprintf  0x0800e114       0x40 C:/ST/STM32CubeIDE_1.15.1/STM32CubeIDE/plugins/com.st.stm32cube.ide.mcu.externaltools.gnu-tools-for-stm32.12.3.rel1.win32_1.0.200.202406191623/tools/bin/../lib/gcc/arm-none-eabi/12.3.1/../../../../arm-none-eabi/lib/thumb/v8-m.main+fp/hard\libc.a(libc_a-sprintf.o)
                0x0800e114                sprintf
 .text.__sread  0x0800e154       0x22 C:/ST/STM32CubeIDE_1.15.1/STM32CubeIDE/plugins/com.st.stm32cube.ide.mcu.externaltools.gnu-tools-for-stm32.12.3.rel1.win32_1.0.200.202406191623/tools/bin/../lib/gcc/arm-none-eabi/12.3.1/../../../../arm-none-eabi/lib/thumb/v8-m.main+fp/hard\libc.a(libc_a-stdio.o)
                0x0800e154                __sread
 .text.__swrite
                0x0800e176       0x38 C:/ST/STM32CubeIDE_1.15.1/STM32CubeIDE/plugins/com.st.stm32cube.ide.mcu.externaltools.gnu-tools-for-stm32.12.3.rel1.win32_1.0.200.202406191623/tools/bin/../lib/gcc/arm-none-eabi/12.3.1/../../../../arm-none-eabi/lib/thumb/v8-m.main+fp/hard\libc.a(libc_a-stdio.o)
                0x0800e176                __swrite
 .text.__sseek  0x0800e1ae       0x24 C:/ST/STM32CubeIDE_1.15.1/STM32CubeIDE/plugins/com.st.stm32cube.ide.mcu.externaltools.gnu-tools-for-stm32.12.3.rel1.win32_1.0.200.202406191623/tools/bin/../lib/gcc/arm-none-eabi/12.3.1/../../../../arm-none-eabi/lib/thumb/v8-m.main+fp/hard\libc.a(libc_a-stdio.o)
                0x0800e1ae                __sseek
 .text.__sclose
                0x0800e1d2        0x8 C:/ST/STM32CubeIDE_1.15.1/STM32CubeIDE/plugins/com.st.stm32cube.ide.mcu.externaltools.gnu-tools-for-stm32.12.3.rel1.win32_1.0.200.202406191623/tools/bin/../lib/gcc/arm-none-eabi/12.3.1/../../../../arm-none-eabi/lib/thumb/v8-m.main+fp/hard\libc.a(libc_a-stdio.o)
                0x0800e1d2                __sclose
 .text._vsnprintf_r
                0x0800e1da       0x56 C:/ST/STM32CubeIDE_1.15.1/STM32CubeIDE/plugins/com.st.stm32cube.ide.mcu.externaltools.gnu-tools-for-stm32.12.3.rel1.win32_1.0.200.202406191623/tools/bin/../lib/gcc/arm-none-eabi/12.3.1/../../../../arm-none-eabi/lib/thumb/v8-m.main+fp/hard\libc.a(libc_a-vsnprintf.o)
                0x0800e1da                _vsnprintf_r
 .text.vsnprintf
                0x0800e230       0x1c C:/ST/STM32CubeIDE_1.15.1/STM32CubeIDE/plugins/com.st.stm32cube.ide.mcu.externaltools.gnu-tools-for-stm32.12.3.rel1.win32_1.0.200.202406191623/tools/bin/../lib/gcc/arm-none-eabi/12.3.1/../../../../arm-none-eabi/lib/thumb/v8-m.main+fp/hard\libc.a(libc_a-vsnprintf.o)
                0x0800e230                vsnprintf
 .text.memmove  0x0800e24c       0x34 C:/ST/STM32CubeIDE_1.15.1/STM32CubeIDE/plugins/com.st.stm32cube.ide.mcu.externaltools.gnu-tools-for-stm32.12.3.rel1.win32_1.0.200.202406191623/tools/bin/../lib/gcc/arm-none-eabi/12.3.1/../../../../arm-none-eabi/lib/thumb/v8-m.main+fp/hard\libc.a(libc_a-memmove.o)
                0x0800e24c                memmove
 .text.memset   0x0800e280       0x10 C:/ST/STM32CubeIDE_1.15.1/STM32CubeIDE/plugins/com.st.stm32cube.ide.mcu.externaltools.gnu-tools-for-stm32.12.3.rel1.win32_1.0.200.202406191623/tools/bin/../lib/gcc/arm-none-eabi/12.3.1/../../../../arm-none-eabi/lib/thumb/v8-m.main+fp/hard\libc.a(libc_a-memset.o)
                0x0800e280                memset
 .text.strchr   0x0800e290       0x1a C:/ST/STM32CubeIDE_1.15.1/STM32CubeIDE/plugins/com.st.stm32cube.ide.mcu.externaltools.gnu-tools-for-stm32.12.3.rel1.win32_1.0.200.202406191623/tools/bin/../lib/gcc/arm-none-eabi/12.3.1/../../../../arm-none-eabi/lib/thumb/v8-m.main+fp/hard\libc.a(libc_a-strchr.o)
                0x0800e290                strchr
 .text.strstr   0x0800e2aa       0x2c C:/ST/STM32CubeIDE_1.15.1/STM32CubeIDE/plugins/com.st.stm32cube.ide.mcu.externaltools.gnu-tools-for-stm32.12.3.rel1.win32_1.0.200.202406191623/tools/bin/../lib/gcc/arm-none-eabi/12.3.1/../../../../arm-none-eabi/lib/thumb/v8-m.main+fp/hard\libc.a(libc_a-strstr.o)
                0x0800e2aa                strstr
 *fill*         0x0800e2d6        0x2 
 .text._close_r
                0x0800e2d8       0x20 C:/ST/STM32CubeIDE_1.15.1/STM32CubeIDE/plugins/com.st.stm32cube.ide.mcu.externaltools.gnu-tools-for-stm32.12.3.rel1.win32_1.0.200.202406191623/tools/bin/../lib/gcc/arm-none-eabi/12.3.1/../../../../arm-none-eabi/lib/thumb/v8-m.main+fp/hard\libc.a(libc_a-closer.o)
                0x0800e2d8                _close_r
 .text._lseek_r
                0x0800e2f8       0x24 C:/ST/STM32CubeIDE_1.15.1/STM32CubeIDE/plugins/com.st.stm32cube.ide.mcu.externaltools.gnu-tools-for-stm32.12.3.rel1.win32_1.0.200.202406191623/tools/bin/../lib/gcc/arm-none-eabi/12.3.1/../../../../arm-none-eabi/lib/thumb/v8-m.main+fp/hard\libc.a(libc_a-lseekr.o)
                0x0800e2f8                _lseek_r
 .text._read_r  0x0800e31c       0x24 C:/ST/STM32CubeIDE_1.15.1/STM32CubeIDE/plugins/com.st.stm32cube.ide.mcu.externaltools.gnu-tools-for-stm32.12.3.rel1.win32_1.0.200.202406191623/tools/bin/../lib/gcc/arm-none-eabi/12.3.1/../../../../arm-none-eabi/lib/thumb/v8-m.main+fp/hard\libc.a(libc_a-readr.o)
                0x0800e31c                _read_r
 .text._sbrk_r  0x0800e340       0x20 C:/ST/STM32CubeIDE_1.15.1/STM32CubeIDE/plugins/com.st.stm32cube.ide.mcu.externaltools.gnu-tools-for-stm32.12.3.rel1.win32_1.0.200.202406191623/tools/bin/../lib/gcc/arm-none-eabi/12.3.1/../../../../arm-none-eabi/lib/thumb/v8-m.main+fp/hard\libc.a(libc_a-sbrkr.o)
                0x0800e340                _sbrk_r
 .text._write_r
                0x0800e360       0x24 C:/ST/STM32CubeIDE_1.15.1/STM32CubeIDE/plugins/com.st.stm32cube.ide.mcu.externaltools.gnu-tools-for-stm32.12.3.rel1.win32_1.0.200.202406191623/tools/bin/../lib/gcc/arm-none-eabi/12.3.1/../../../../arm-none-eabi/lib/thumb/v8-m.main+fp/hard\libc.a(libc_a-writer.o)
                0x0800e360                _write_r
 .text.__errno  0x0800e384        0xc C:/ST/STM32CubeIDE_1.15.1/STM32CubeIDE/plugins/com.st.stm32cube.ide.mcu.externaltools.gnu-tools-for-stm32.12.3.rel1.win32_1.0.200.202406191623/tools/bin/../lib/gcc/arm-none-eabi/12.3.1/../../../../arm-none-eabi/lib/thumb/v8-m.main+fp/hard\libc.a(libc_a-errno.o)
                0x0800e384                __errno
 .text.__libc_init_array
                0x0800e390       0x48 C:/ST/STM32CubeIDE_1.15.1/STM32CubeIDE/plugins/com.st.stm32cube.ide.mcu.externaltools.gnu-tools-for-stm32.12.3.rel1.win32_1.0.200.202406191623/tools/bin/../lib/gcc/arm-none-eabi/12.3.1/../../../../arm-none-eabi/lib/thumb/v8-m.main+fp/hard\libc.a(libc_a-init.o)
                0x0800e390                __libc_init_array
 .text.__retarget_lock_init_recursive
                0x0800e3d8        0x2 C:/ST/STM32CubeIDE_1.15.1/STM32CubeIDE/plugins/com.st.stm32cube.ide.mcu.externaltools.gnu-tools-for-stm32.12.3.rel1.win32_1.0.200.202406191623/tools/bin/../lib/gcc/arm-none-eabi/12.3.1/../../../../arm-none-eabi/lib/thumb/v8-m.main+fp/hard\libc.a(libc_a-lock.o)
                0x0800e3d8                __retarget_lock_init_recursive
 .text.__retarget_lock_close_recursive
                0x0800e3da        0x2 C:/ST/STM32CubeIDE_1.15.1/STM32CubeIDE/plugins/com.st.stm32cube.ide.mcu.externaltools.gnu-tools-for-stm32.12.3.rel1.win32_1.0.200.202406191623/tools/bin/../lib/gcc/arm-none-eabi/12.3.1/../../../../arm-none-eabi/lib/thumb/v8-m.main+fp/hard\libc.a(libc_a-lock.o)
                0x0800e3da                __retarget_lock_close_recursive
 .text.__retarget_lock_acquire_recursive
                0x0800e3dc        0x2 C:/ST/STM32CubeIDE_1.15.1/STM32CubeIDE/plugins/com.st.stm32cube.ide.mcu.externaltools.gnu-tools-for-stm32.12.3.rel1.win32_1.0.200.202406191623/tools/bin/../lib/gcc/arm-none-eabi/12.3.1/../../../../arm-none-eabi/lib/thumb/v8-m.main+fp/hard\libc.a(libc_a-lock.o)
                0x0800e3dc                __retarget_lock_acquire_recursive
 .text.__retarget_lock_release_recursive
                0x0800e3de        0x2 C:/ST/STM32CubeIDE_1.15.1/STM32CubeIDE/plugins/com.st.stm32cube.ide.mcu.externaltools.gnu-tools-for-stm32.12.3.rel1.win32_1.0.200.202406191623/tools/bin/../lib/gcc/arm-none-eabi/12.3.1/../../../../arm-none-eabi/lib/thumb/v8-m.main+fp/hard\libc.a(libc_a-lock.o)
                0x0800e3de                __retarget_lock_release_recursive
 .text.sysconf  0x0800e3e0       0x18 C:/ST/STM32CubeIDE_1.15.1/STM32CubeIDE/plugins/com.st.stm32cube.ide.mcu.externaltools.gnu-tools-for-stm32.12.3.rel1.win32_1.0.200.202406191623/tools/bin/../lib/gcc/arm-none-eabi/12.3.1/../../../../arm-none-eabi/lib/thumb/v8-m.main+fp/hard\libc.a(libc_a-sysconf.o)
                0x0800e3e0                sysconf
 .text.memcpy   0x0800e3f8       0x1a C:/ST/STM32CubeIDE_1.15.1/STM32CubeIDE/plugins/com.st.stm32cube.ide.mcu.externaltools.gnu-tools-for-stm32.12.3.rel1.win32_1.0.200.202406191623/tools/bin/../lib/gcc/arm-none-eabi/12.3.1/../../../../arm-none-eabi/lib/thumb/v8-m.main+fp/hard\libc.a(libc_a-memcpy-stub.o)
                0x0800e3f8                memcpy
 *fill*         0x0800e412        0x2 
 .text.startup.register_fini
                0x0800e414       0x14 C:/ST/STM32CubeIDE_1.15.1/STM32CubeIDE/plugins/com.st.stm32cube.ide.mcu.externaltools.gnu-tools-for-stm32.12.3.rel1.win32_1.0.200.202406191623/tools/bin/../lib/gcc/arm-none-eabi/12.3.1/../../../../arm-none-eabi/lib/thumb/v8-m.main+fp/hard\libc.a(libc_a-__call_atexit.o)
 .text.atexit   0x0800e428        0xc C:/ST/STM32CubeIDE_1.15.1/STM32CubeIDE/plugins/com.st.stm32cube.ide.mcu.externaltools.gnu-tools-for-stm32.12.3.rel1.win32_1.0.200.202406191623/tools/bin/../lib/gcc/arm-none-eabi/12.3.1/../../../../arm-none-eabi/lib/thumb/v8-m.main+fp/hard\libc.a(libc_a-atexit.o)
                0x0800e428                atexit
 .text._malloc_trim_r
                0x0800e434       0xac C:/ST/STM32CubeIDE_1.15.1/STM32CubeIDE/plugins/com.st.stm32cube.ide.mcu.externaltools.gnu-tools-for-stm32.12.3.rel1.win32_1.0.200.202406191623/tools/bin/../lib/gcc/arm-none-eabi/12.3.1/../../../../arm-none-eabi/lib/thumb/v8-m.main+fp/hard\libc.a(libc_a-freer.o)
                0x0800e434                _malloc_trim_r
 .text._free_r  0x0800e4e0      0x180 C:/ST/STM32CubeIDE_1.15.1/STM32CubeIDE/plugins/com.st.stm32cube.ide.mcu.externaltools.gnu-tools-for-stm32.12.3.rel1.win32_1.0.200.202406191623/tools/bin/../lib/gcc/arm-none-eabi/12.3.1/../../../../arm-none-eabi/lib/thumb/v8-m.main+fp/hard\libc.a(libc_a-freer.o)
                0x0800e4e0                _free_r
 .text._svfprintf_r
                0x0800e660     0x13b0 C:/ST/STM32CubeIDE_1.15.1/STM32CubeIDE/plugins/com.st.stm32cube.ide.mcu.externaltools.gnu-tools-for-stm32.12.3.rel1.win32_1.0.200.202406191623/tools/bin/../lib/gcc/arm-none-eabi/12.3.1/../../../../arm-none-eabi/lib/thumb/v8-m.main+fp/hard\libc.a(libc_a-svfprintf.o)
                0x0800e660                _svfprintf_r
 .text._vfprintf_r
                0x0800fa10     0x1450 C:/ST/STM32CubeIDE_1.15.1/STM32CubeIDE/plugins/com.st.stm32cube.ide.mcu.externaltools.gnu-tools-for-stm32.12.3.rel1.win32_1.0.200.202406191623/tools/bin/../lib/gcc/arm-none-eabi/12.3.1/../../../../arm-none-eabi/lib/thumb/v8-m.main+fp/hard\libc.a(libc_a-vfprintf.o)
                0x0800fa10                _vfprintf_r
 .text.__sbprintf
                0x08010e60       0x80 C:/ST/STM32CubeIDE_1.15.1/STM32CubeIDE/plugins/com.st.stm32cube.ide.mcu.externaltools.gnu-tools-for-stm32.12.3.rel1.win32_1.0.200.202406191623/tools/bin/../lib/gcc/arm-none-eabi/12.3.1/../../../../arm-none-eabi/lib/thumb/v8-m.main+fp/hard\libc.a(libc_a-vfprintf.o)
 .text.__sprint_r
                0x08010ee0       0x64 C:/ST/STM32CubeIDE_1.15.1/STM32CubeIDE/plugins/com.st.stm32cube.ide.mcu.externaltools.gnu-tools-for-stm32.12.3.rel1.win32_1.0.200.202406191623/tools/bin/../lib/gcc/arm-none-eabi/12.3.1/../../../../arm-none-eabi/lib/thumb/v8-m.main+fp/hard\libc.a(libc_a-vfiprintf.o)
                0x08010ee0                __sprint_r
 .text._vfiprintf_r
                0x08010f44      0x910 C:/ST/STM32CubeIDE_1.15.1/STM32CubeIDE/plugins/com.st.stm32cube.ide.mcu.externaltools.gnu-tools-for-stm32.12.3.rel1.win32_1.0.200.202406191623/tools/bin/../lib/gcc/arm-none-eabi/12.3.1/../../../../arm-none-eabi/lib/thumb/v8-m.main+fp/hard\libc.a(libc_a-vfiprintf.o)
                0x08010f44                _vfiprintf_r
 .text.__sbprintf
                0x08011854       0x80 C:/ST/STM32CubeIDE_1.15.1/STM32CubeIDE/plugins/com.st.stm32cube.ide.mcu.externaltools.gnu-tools-for-stm32.12.3.rel1.win32_1.0.200.202406191623/tools/bin/../lib/gcc/arm-none-eabi/12.3.1/../../../../arm-none-eabi/lib/thumb/v8-m.main+fp/hard\libc.a(libc_a-vfiprintf.o)
 .text._fclose_r
                0x080118d4       0xaa C:/ST/STM32CubeIDE_1.15.1/STM32CubeIDE/plugins/com.st.stm32cube.ide.mcu.externaltools.gnu-tools-for-stm32.12.3.rel1.win32_1.0.200.202406191623/tools/bin/../lib/gcc/arm-none-eabi/12.3.1/../../../../arm-none-eabi/lib/thumb/v8-m.main+fp/hard\libc.a(libc_a-fclose.o)
                0x080118d4                _fclose_r
 *fill*         0x0801197e        0x2 
 .text.__sflush_r
                0x08011980      0x110 C:/ST/STM32CubeIDE_1.15.1/STM32CubeIDE/plugins/com.st.stm32cube.ide.mcu.externaltools.gnu-tools-for-stm32.12.3.rel1.win32_1.0.200.202406191623/tools/bin/../lib/gcc/arm-none-eabi/12.3.1/../../../../arm-none-eabi/lib/thumb/v8-m.main+fp/hard\libc.a(libc_a-fflush.o)
                0x08011980                __sflush_r
 .text._fflush_r
                0x08011a90       0x4a C:/ST/STM32CubeIDE_1.15.1/STM32CubeIDE/plugins/com.st.stm32cube.ide.mcu.externaltools.gnu-tools-for-stm32.12.3.rel1.win32_1.0.200.202406191623/tools/bin/../lib/gcc/arm-none-eabi/12.3.1/../../../../arm-none-eabi/lib/thumb/v8-m.main+fp/hard\libc.a(libc_a-fflush.o)
                0x08011a90                _fflush_r
 *fill*         0x08011ada        0x2 
 .text.__sfvwrite_r
                0x08011adc      0x298 C:/ST/STM32CubeIDE_1.15.1/STM32CubeIDE/plugins/com.st.stm32cube.ide.mcu.externaltools.gnu-tools-for-stm32.12.3.rel1.win32_1.0.200.202406191623/tools/bin/../lib/gcc/arm-none-eabi/12.3.1/../../../../arm-none-eabi/lib/thumb/v8-m.main+fp/hard\libc.a(libc_a-fvwrite.o)
                0x08011adc                __sfvwrite_r
 .text.__swsetup_r
                0x08011d74       0xac C:/ST/STM32CubeIDE_1.15.1/STM32CubeIDE/plugins/com.st.stm32cube.ide.mcu.externaltools.gnu-tools-for-stm32.12.3.rel1.win32_1.0.200.202406191623/tools/bin/../lib/gcc/arm-none-eabi/12.3.1/../../../../arm-none-eabi/lib/thumb/v8-m.main+fp/hard\libc.a(libc_a-wsetup.o)
                0x08011d74                __swsetup_r
 .text.__fputwc
                0x08011e20       0x82 C:/ST/STM32CubeIDE_1.15.1/STM32CubeIDE/plugins/com.st.stm32cube.ide.mcu.externaltools.gnu-tools-for-stm32.12.3.rel1.win32_1.0.200.202406191623/tools/bin/../lib/gcc/arm-none-eabi/12.3.1/../../../../arm-none-eabi/lib/thumb/v8-m.main+fp/hard\libc.a(libc_a-fputwc.o)
                0x08011e20                __fputwc
 .text._fputwc_r
                0x08011ea2       0x52 C:/ST/STM32CubeIDE_1.15.1/STM32CubeIDE/plugins/com.st.stm32cube.ide.mcu.externaltools.gnu-tools-for-stm32.12.3.rel1.win32_1.0.200.202406191623/tools/bin/../lib/gcc/arm-none-eabi/12.3.1/../../../../arm-none-eabi/lib/thumb/v8-m.main+fp/hard\libc.a(libc_a-fputwc.o)
                0x08011ea2                _fputwc_r
 .text.strncpy  0x08011ef4       0x26 C:/ST/STM32CubeIDE_1.15.1/STM32CubeIDE/plugins/com.st.stm32cube.ide.mcu.externaltools.gnu-tools-for-stm32.12.3.rel1.win32_1.0.200.202406191623/tools/bin/../lib/gcc/arm-none-eabi/12.3.1/../../../../arm-none-eabi/lib/thumb/v8-m.main+fp/hard\libc.a(libc_a-strncpy.o)
                0x08011ef4                strncpy
 *fill*         0x08011f1a        0x2 
 .text.__locale_mb_cur_max
                0x08011f1c        0xc C:/ST/STM32CubeIDE_1.15.1/STM32CubeIDE/plugins/com.st.stm32cube.ide.mcu.externaltools.gnu-tools-for-stm32.12.3.rel1.win32_1.0.200.202406191623/tools/bin/../lib/gcc/arm-none-eabi/12.3.1/../../../../arm-none-eabi/lib/thumb/v8-m.main+fp/hard\libc.a(libc_a-locale.o)
                0x08011f1c                __locale_mb_cur_max
 .text._localeconv_r
                0x08011f28        0x8 C:/ST/STM32CubeIDE_1.15.1/STM32CubeIDE/plugins/com.st.stm32cube.ide.mcu.externaltools.gnu-tools-for-stm32.12.3.rel1.win32_1.0.200.202406191623/tools/bin/../lib/gcc/arm-none-eabi/12.3.1/../../../../arm-none-eabi/lib/thumb/v8-m.main+fp/hard\libc.a(libc_a-localeconv.o)
                0x08011f28                _localeconv_r
 .text.__libc_fini_array
                0x08011f30       0x28 C:/ST/STM32CubeIDE_1.15.1/STM32CubeIDE/plugins/com.st.stm32cube.ide.mcu.externaltools.gnu-tools-for-stm32.12.3.rel1.win32_1.0.200.202406191623/tools/bin/../lib/gcc/arm-none-eabi/12.3.1/../../../../arm-none-eabi/lib/thumb/v8-m.main+fp/hard\libc.a(libc_a-fini.o)
                0x08011f30                __libc_fini_array
 .text.memchr   0x08011f58       0x1c C:/ST/STM32CubeIDE_1.15.1/STM32CubeIDE/plugins/com.st.stm32cube.ide.mcu.externaltools.gnu-tools-for-stm32.12.3.rel1.win32_1.0.200.202406191623/tools/bin/../lib/gcc/arm-none-eabi/12.3.1/../../../../arm-none-eabi/lib/thumb/v8-m.main+fp/hard\libc.a(libc_a-memchr-stub.o)
                0x08011f58                memchr
 .text.frexp    0x08011f74       0x6c C:/ST/STM32CubeIDE_1.15.1/STM32CubeIDE/plugins/com.st.stm32cube.ide.mcu.externaltools.gnu-tools-for-stm32.12.3.rel1.win32_1.0.200.202406191623/tools/bin/../lib/gcc/arm-none-eabi/12.3.1/../../../../arm-none-eabi/lib/thumb/v8-m.main+fp/hard\libc.a(libm_a-s_frexp.o)
                0x08011f74                frexp
 .text.__register_exitproc
                0x08011fe0       0x84 C:/ST/STM32CubeIDE_1.15.1/STM32CubeIDE/plugins/com.st.stm32cube.ide.mcu.externaltools.gnu-tools-for-stm32.12.3.rel1.win32_1.0.200.202406191623/tools/bin/../lib/gcc/arm-none-eabi/12.3.1/../../../../arm-none-eabi/lib/thumb/v8-m.main+fp/hard\libc.a(libc_a-__atexit.o)
                0x08011fe0                __register_exitproc
 .text.quorem   0x08012064      0x11a C:/ST/STM32CubeIDE_1.15.1/STM32CubeIDE/plugins/com.st.stm32cube.ide.mcu.externaltools.gnu-tools-for-stm32.12.3.rel1.win32_1.0.200.202406191623/tools/bin/../lib/gcc/arm-none-eabi/12.3.1/../../../../arm-none-eabi/lib/thumb/v8-m.main+fp/hard\libc.a(libc_a-dtoa.o)
 *fill*         0x0801217e        0x2 
 .text._dtoa_r  0x08012180      0xb54 C:/ST/STM32CubeIDE_1.15.1/STM32CubeIDE/plugins/com.st.stm32cube.ide.mcu.externaltools.gnu-tools-for-stm32.12.3.rel1.win32_1.0.200.202406191623/tools/bin/../lib/gcc/arm-none-eabi/12.3.1/../../../../arm-none-eabi/lib/thumb/v8-m.main+fp/hard\libc.a(libc_a-dtoa.o)
                0x08012180                _dtoa_r
 .text.__ascii_mbtowc
                0x08012cd4       0x24 C:/ST/STM32CubeIDE_1.15.1/STM32CubeIDE/plugins/com.st.stm32cube.ide.mcu.externaltools.gnu-tools-for-stm32.12.3.rel1.win32_1.0.200.202406191623/tools/bin/../lib/gcc/arm-none-eabi/12.3.1/../../../../arm-none-eabi/lib/thumb/v8-m.main+fp/hard\libc.a(libc_a-mbtowc_r.o)
                0x08012cd4                __ascii_mbtowc
 .text._Balloc  0x08012cf8       0x4a C:/ST/STM32CubeIDE_1.15.1/STM32CubeIDE/plugins/com.st.stm32cube.ide.mcu.externaltools.gnu-tools-for-stm32.12.3.rel1.win32_1.0.200.202406191623/tools/bin/../lib/gcc/arm-none-eabi/12.3.1/../../../../arm-none-eabi/lib/thumb/v8-m.main+fp/hard\libc.a(libc_a-mprec.o)
                0x08012cf8                _Balloc
 .text._Bfree   0x08012d42       0x12 C:/ST/STM32CubeIDE_1.15.1/STM32CubeIDE/plugins/com.st.stm32cube.ide.mcu.externaltools.gnu-tools-for-stm32.12.3.rel1.win32_1.0.200.202406191623/tools/bin/../lib/gcc/arm-none-eabi/12.3.1/../../../../arm-none-eabi/lib/thumb/v8-m.main+fp/hard\libc.a(libc_a-mprec.o)
                0x08012d42                _Bfree
 .text.__multadd
                0x08012d54       0x90 C:/ST/STM32CubeIDE_1.15.1/STM32CubeIDE/plugins/com.st.stm32cube.ide.mcu.externaltools.gnu-tools-for-stm32.12.3.rel1.win32_1.0.200.202406191623/tools/bin/../lib/gcc/arm-none-eabi/12.3.1/../../../../arm-none-eabi/lib/thumb/v8-m.main+fp/hard\libc.a(libc_a-mprec.o)
                0x08012d54                __multadd
 .text.__hi0bits
                0x08012de4       0x3e C:/ST/STM32CubeIDE_1.15.1/STM32CubeIDE/plugins/com.st.stm32cube.ide.mcu.externaltools.gnu-tools-for-stm32.12.3.rel1.win32_1.0.200.202406191623/tools/bin/../lib/gcc/arm-none-eabi/12.3.1/../../../../arm-none-eabi/lib/thumb/v8-m.main+fp/hard\libc.a(libc_a-mprec.o)
                0x08012de4                __hi0bits
 .text.__lo0bits
                0x08012e22       0x5a C:/ST/STM32CubeIDE_1.15.1/STM32CubeIDE/plugins/com.st.stm32cube.ide.mcu.externaltools.gnu-tools-for-stm32.12.3.rel1.win32_1.0.200.202406191623/tools/bin/../lib/gcc/arm-none-eabi/12.3.1/../../../../arm-none-eabi/lib/thumb/v8-m.main+fp/hard\libc.a(libc_a-mprec.o)
                0x08012e22                __lo0bits
 .text.__i2b    0x08012e7c       0x2c C:/ST/STM32CubeIDE_1.15.1/STM32CubeIDE/plugins/com.st.stm32cube.ide.mcu.externaltools.gnu-tools-for-stm32.12.3.rel1.win32_1.0.200.202406191623/tools/bin/../lib/gcc/arm-none-eabi/12.3.1/../../../../arm-none-eabi/lib/thumb/v8-m.main+fp/hard\libc.a(libc_a-mprec.o)
                0x08012e7c                __i2b
 .text.__multiply
                0x08012ea8      0x154 C:/ST/STM32CubeIDE_1.15.1/STM32CubeIDE/plugins/com.st.stm32cube.ide.mcu.externaltools.gnu-tools-for-stm32.12.3.rel1.win32_1.0.200.202406191623/tools/bin/../lib/gcc/arm-none-eabi/12.3.1/../../../../arm-none-eabi/lib/thumb/v8-m.main+fp/hard\libc.a(libc_a-mprec.o)
                0x08012ea8                __multiply
 .text.__pow5mult
                0x08012ffc       0x80 C:/ST/STM32CubeIDE_1.15.1/STM32CubeIDE/plugins/com.st.stm32cube.ide.mcu.externaltools.gnu-tools-for-stm32.12.3.rel1.win32_1.0.200.202406191623/tools/bin/../lib/gcc/arm-none-eabi/12.3.1/../../../../arm-none-eabi/lib/thumb/v8-m.main+fp/hard\libc.a(libc_a-mprec.o)
                0x08012ffc                __pow5mult
 .text.__lshift
                0x0801307c       0xd8 C:/ST/STM32CubeIDE_1.15.1/STM32CubeIDE/plugins/com.st.stm32cube.ide.mcu.externaltools.gnu-tools-for-stm32.12.3.rel1.win32_1.0.200.202406191623/tools/bin/../lib/gcc/arm-none-eabi/12.3.1/../../../../arm-none-eabi/lib/thumb/v8-m.main+fp/hard\libc.a(libc_a-mprec.o)
                0x0801307c                __lshift
 .text.__mcmp   0x08013154       0x36 C:/ST/STM32CubeIDE_1.15.1/STM32CubeIDE/plugins/com.st.stm32cube.ide.mcu.externaltools.gnu-tools-for-stm32.12.3.rel1.win32_1.0.200.202406191623/tools/bin/../lib/gcc/arm-none-eabi/12.3.1/../../../../arm-none-eabi/lib/thumb/v8-m.main+fp/hard\libc.a(libc_a-mprec.o)
                0x08013154                __mcmp
 *fill*         0x0801318a        0x2 
 .text.__mdiff  0x0801318c      0x130 C:/ST/STM32CubeIDE_1.15.1/STM32CubeIDE/plugins/com.st.stm32cube.ide.mcu.externaltools.gnu-tools-for-stm32.12.3.rel1.win32_1.0.200.202406191623/tools/bin/../lib/gcc/arm-none-eabi/12.3.1/../../../../arm-none-eabi/lib/thumb/v8-m.main+fp/hard\libc.a(libc_a-mprec.o)
                0x0801318c                __mdiff
 .text.__d2b    0x080132bc       0xb0 C:/ST/STM32CubeIDE_1.15.1/STM32CubeIDE/plugins/com.st.stm32cube.ide.mcu.externaltools.gnu-tools-for-stm32.12.3.rel1.win32_1.0.200.202406191623/tools/bin/../lib/gcc/arm-none-eabi/12.3.1/../../../../arm-none-eabi/lib/thumb/v8-m.main+fp/hard\libc.a(libc_a-mprec.o)
                0x080132bc                __d2b
 .text._realloc_r
                0x0801336c      0x364 C:/ST/STM32CubeIDE_1.15.1/STM32CubeIDE/plugins/com.st.stm32cube.ide.mcu.externaltools.gnu-tools-for-stm32.12.3.rel1.win32_1.0.200.202406191623/tools/bin/../lib/gcc/arm-none-eabi/12.3.1/../../../../arm-none-eabi/lib/thumb/v8-m.main+fp/hard\libc.a(libc_a-reallocr.o)
                0x0801336c                _realloc_r
 .text.__ascii_wctomb
                0x080136d0       0x1a C:/ST/STM32CubeIDE_1.15.1/STM32CubeIDE/plugins/com.st.stm32cube.ide.mcu.externaltools.gnu-tools-for-stm32.12.3.rel1.win32_1.0.200.202406191623/tools/bin/../lib/gcc/arm-none-eabi/12.3.1/../../../../arm-none-eabi/lib/thumb/v8-m.main+fp/hard\libc.a(libc_a-wctomb_r.o)
                0x080136d0                __ascii_wctomb
 *fill*         0x080136ea        0x2 
 .text._wcrtomb_r
                0x080136ec       0x2c C:/ST/STM32CubeIDE_1.15.1/STM32CubeIDE/plugins/com.st.stm32cube.ide.mcu.externaltools.gnu-tools-for-stm32.12.3.rel1.win32_1.0.200.202406191623/tools/bin/../lib/gcc/arm-none-eabi/12.3.1/../../../../arm-none-eabi/lib/thumb/v8-m.main+fp/hard\libc.a(libc_a-wcrtomb.o)
                0x080136ec                _wcrtomb_r
 .text.__ssprint_r
                0x08013718       0xfa C:/ST/STM32CubeIDE_1.15.1/STM32CubeIDE/plugins/com.st.stm32cube.ide.mcu.externaltools.gnu-tools-for-stm32.12.3.rel1.win32_1.0.200.202406191623/tools/bin/../lib/gcc/arm-none-eabi/12.3.1/../../../../arm-none-eabi/lib/thumb/v8-m.main+fp/hard\libc.a(libc_a-svfiprintf.o)
                0x08013718                __ssprint_r
 .text.__swhatbuf_r
                0x08013812       0x50 C:/ST/STM32CubeIDE_1.15.1/STM32CubeIDE/plugins/com.st.stm32cube.ide.mcu.externaltools.gnu-tools-for-stm32.12.3.rel1.win32_1.0.200.202406191623/tools/bin/../lib/gcc/arm-none-eabi/12.3.1/../../../../arm-none-eabi/lib/thumb/v8-m.main+fp/hard\libc.a(libc_a-makebuf.o)
                0x08013812                __swhatbuf_r
 .text.__smakebuf_r
                0x08013862       0x78 C:/ST/STM32CubeIDE_1.15.1/STM32CubeIDE/plugins/com.st.stm32cube.ide.mcu.externaltools.gnu-tools-for-stm32.12.3.rel1.win32_1.0.200.202406191623/tools/bin/../lib/gcc/arm-none-eabi/12.3.1/../../../../arm-none-eabi/lib/thumb/v8-m.main+fp/hard\libc.a(libc_a-makebuf.o)
                0x08013862                __smakebuf_r
 .text.__swbuf_r
                0x080138da       0x92 C:/ST/STM32CubeIDE_1.15.1/STM32CubeIDE/plugins/com.st.stm32cube.ide.mcu.externaltools.gnu-tools-for-stm32.12.3.rel1.win32_1.0.200.202406191623/tools/bin/../lib/gcc/arm-none-eabi/12.3.1/../../../../arm-none-eabi/lib/thumb/v8-m.main+fp/hard\libc.a(libc_a-wbuf.o)
                0x080138da                __swbuf_r
 .text._fstat_r
                0x0801396c       0x24 C:/ST/STM32CubeIDE_1.15.1/STM32CubeIDE/plugins/com.st.stm32cube.ide.mcu.externaltools.gnu-tools-for-stm32.12.3.rel1.win32_1.0.200.202406191623/tools/bin/../lib/gcc/arm-none-eabi/12.3.1/../../../../arm-none-eabi/lib/thumb/v8-m.main+fp/hard\libc.a(libc_a-fstatr.o)
                0x0801396c                _fstat_r
 .text._isatty_r
                0x08013990       0x20 C:/ST/STM32CubeIDE_1.15.1/STM32CubeIDE/plugins/com.st.stm32cube.ide.mcu.externaltools.gnu-tools-for-stm32.12.3.rel1.win32_1.0.200.202406191623/tools/bin/../lib/gcc/arm-none-eabi/12.3.1/../../../../arm-none-eabi/lib/thumb/v8-m.main+fp/hard\libc.a(libc_a-isattyr.o)
                0x08013990                _isatty_r
 .text.__assert_func
                0x080139b0       0x3c C:/ST/STM32CubeIDE_1.15.1/STM32CubeIDE/plugins/com.st.stm32cube.ide.mcu.externaltools.gnu-tools-for-stm32.12.3.rel1.win32_1.0.200.202406191623/tools/bin/../lib/gcc/arm-none-eabi/12.3.1/../../../../arm-none-eabi/lib/thumb/v8-m.main+fp/hard\libc.a(libc_a-assert.o)
                0x080139b0                __assert_func
 .text._calloc_r
                0x080139ec       0x6a C:/ST/STM32CubeIDE_1.15.1/STM32CubeIDE/plugins/com.st.stm32cube.ide.mcu.externaltools.gnu-tools-for-stm32.12.3.rel1.win32_1.0.200.202406191623/tools/bin/../lib/gcc/arm-none-eabi/12.3.1/../../../../arm-none-eabi/lib/thumb/v8-m.main+fp/hard\libc.a(libc_a-callocr.o)
                0x080139ec                _calloc_r
 *fill*         0x08013a56        0x2 
 .text.fiprintf
                0x08013a58       0x24 C:/ST/STM32CubeIDE_1.15.1/STM32CubeIDE/plugins/com.st.stm32cube.ide.mcu.externaltools.gnu-tools-for-stm32.12.3.rel1.win32_1.0.200.202406191623/tools/bin/../lib/gcc/arm-none-eabi/12.3.1/../../../../arm-none-eabi/lib/thumb/v8-m.main+fp/hard\libc.a(libc_a-fiprintf.o)
                0x08013a58                fiprintf
 .text.abort    0x08013a7c        0xe C:/ST/STM32CubeIDE_1.15.1/STM32CubeIDE/plugins/com.st.stm32cube.ide.mcu.externaltools.gnu-tools-for-stm32.12.3.rel1.win32_1.0.200.202406191623/tools/bin/../lib/gcc/arm-none-eabi/12.3.1/../../../../arm-none-eabi/lib/thumb/v8-m.main+fp/hard\libc.a(libc_a-abort.o)
                0x08013a7c                abort
 .text._raise_r
                0x08013a8a       0x52 C:/ST/STM32CubeIDE_1.15.1/STM32CubeIDE/plugins/com.st.stm32cube.ide.mcu.externaltools.gnu-tools-for-stm32.12.3.rel1.win32_1.0.200.202406191623/tools/bin/../lib/gcc/arm-none-eabi/12.3.1/../../../../arm-none-eabi/lib/thumb/v8-m.main+fp/hard\libc.a(libc_a-signal.o)
                0x08013a8a                _raise_r
 .text.raise    0x08013adc       0x10 C:/ST/STM32CubeIDE_1.15.1/STM32CubeIDE/plugins/com.st.stm32cube.ide.mcu.externaltools.gnu-tools-for-stm32.12.3.rel1.win32_1.0.200.202406191623/tools/bin/../lib/gcc/arm-none-eabi/12.3.1/../../../../arm-none-eabi/lib/thumb/v8-m.main+fp/hard\libc.a(libc_a-signal.o)
                0x08013adc                raise
 .text._kill_r  0x08013aec       0x24 C:/ST/STM32CubeIDE_1.15.1/STM32CubeIDE/plugins/com.st.stm32cube.ide.mcu.externaltools.gnu-tools-for-stm32.12.3.rel1.win32_1.0.200.202406191623/tools/bin/../lib/gcc/arm-none-eabi/12.3.1/../../../../arm-none-eabi/lib/thumb/v8-m.main+fp/hard\libc.a(libc_a-signalr.o)
                0x08013aec                _kill_r
 .text._getpid_r
                0x08013b10        0x4 C:/ST/STM32CubeIDE_1.15.1/STM32CubeIDE/plugins/com.st.stm32cube.ide.mcu.externaltools.gnu-tools-for-stm32.12.3.rel1.win32_1.0.200.202406191623/tools/bin/../lib/gcc/arm-none-eabi/12.3.1/../../../../arm-none-eabi/lib/thumb/v8-m.main+fp/hard\libc.a(libc_a-signalr.o)
                0x08013b10                _getpid_r
 *(.glue_7)
 .glue_7        0x08013b14        0x0 linker stubs
 *(.glue_7t)
 .glue_7t       0x08013b14        0x0 linker stubs
 *(.eh_frame)
 .eh_frame      0x08013b14        0x0 C:/ST/STM32CubeIDE_1.15.1/STM32CubeIDE/plugins/com.st.stm32cube.ide.mcu.externaltools.gnu-tools-for-stm32.12.3.rel1.win32_1.0.200.202406191623/tools/bin/../lib/gcc/arm-none-eabi/12.3.1/thumb/v8-m.main+fp/hard/crtbegin.o
 *(.init)
 .init          0x08013b14        0x4 C:/ST/STM32CubeIDE_1.15.1/STM32CubeIDE/plugins/com.st.stm32cube.ide.mcu.externaltools.gnu-tools-for-stm32.12.3.rel1.win32_1.0.200.202406191623/tools/bin/../lib/gcc/arm-none-eabi/12.3.1/thumb/v8-m.main+fp/hard/crti.o
                0x08013b14                _init
 .init          0x08013b18        0x8 C:/ST/STM32CubeIDE_1.15.1/STM32CubeIDE/plugins/com.st.stm32cube.ide.mcu.externaltools.gnu-tools-for-stm32.12.3.rel1.win32_1.0.200.202406191623/tools/bin/../lib/gcc/arm-none-eabi/12.3.1/thumb/v8-m.main+fp/hard/crtn.o
 *(.fini)
 .fini          0x08013b20        0x4 C:/ST/STM32CubeIDE_1.15.1/STM32CubeIDE/plugins/com.st.stm32cube.ide.mcu.externaltools.gnu-tools-for-stm32.12.3.rel1.win32_1.0.200.202406191623/tools/bin/../lib/gcc/arm-none-eabi/12.3.1/thumb/v8-m.main+fp/hard/crti.o
                0x08013b20                _fini
 .fini          0x08013b24        0x8 C:/ST/STM32CubeIDE_1.15.1/STM32CubeIDE/plugins/com.st.stm32cube.ide.mcu.externaltools.gnu-tools-for-stm32.12.3.rel1.win32_1.0.200.202406191623/tools/bin/../lib/gcc/arm-none-eabi/12.3.1/thumb/v8-m.main+fp/hard/crtn.o