../Drivers/STM32U5xx_HAL_Driver/Inc/stm32u5xx_ll_bus.h:845:22:LL_AHB2_GRP1_EnableClock	24	static
../Drivers/STM32U5xx_HAL_Driver/Inc/stm32u5xx_ll_bus.h:1895:22:LL_APB1_GRP2_EnableClock	24	static
../Core/Src/main.c:88:6:HAL_GPIO_EXTI_Rising_Callback	16	static
../Core/Src/main.c:98:6:da16k_cmd_handler	16	static
../Core/Src/main.c:113:5:main	104	static
../Core/Src/main.c:190:6:SystemClock_Config	128	static
../Core/Src/main.c:248:13:SystemPower_Config	8	static
../Core/Src/main.c:268:13:MX_ADF1_Init	8	static
../Core/Src/main.c:322:13:MX_I2C1_Init	8	static
../Core/Src/main.c:370:13:MX_I2C2_Init	8	static
../Core/Src/main.c:418:13:MX_ICACHE_Init	8	static
../Core/Src/main.c:450:13:MX_OCTOSPI1_Init	40	static
../Core/Src/main.c:510:13:MX_OCTOSPI2_Init	40	static
../Core/Src/main.c:570:13:MX_SPI2_Init	24	static
../Core/Src/main.c:627:13:MX_UCPD1_Init	32	static
../Core/Src/main.c:669:13:MX_USART1_UART_Init	8	static
../Core/Src/main.c:728:13:MX_USART3_UART_Init	24	static
../Core/Src/main.c:788:13:MX_USB_OTG_FS_PCD_Init	8	static
../Core/Src/main.c:824:13:MX_GPIO_Init	64	static
../Core/Src/main.c:962:6:Error_Handler	4	static,ignoring_inline_asm
