../Drivers/BSP/iotc_da16k_pmod/da16k_at.c:26:20:da16k_at_get_response_line	40	static
../Drivers/BSP/iotc_da16k_pmod/da16k_at.c:75:14:da16k_at_get_start_of_response_data	32	static
../Drivers/BSP/iotc_da16k_pmod/da16k_at.c:100:20:da16k_at_send_formatted_valist	24	static
../Drivers/BSP/iotc_da16k_pmod/da16k_at.c:125:13:da16k_at_is_line_only_whitespace	16	static
../Drivers/BSP/iotc_da16k_pmod/da16k_at.c:141:13:da16k_at_receive_and_validate_response	40	static
../Drivers/BSP/iotc_da16k_pmod/da16k_at.c:221:13:da16k_at_send_formatted_msg	16	static
../Drivers/BSP/iotc_da16k_pmod/da16k_at.c:234:13:da16k_at_send_formatted_and_check_success	24	static
../Drivers/BSP/iotc_da16k_pmod/da16k_at.c:263:13:da16k_at_send_certificate	24	static
../Drivers/BSP/iotc_da16k_pmod/da16k_at.c:283:7:da16k_at_get_response_str	8	static
../Drivers/BSP/iotc_da16k_pmod/da16k_at.c:287:5:da16k_at_get_response_code	8	static
