../Drivers/BSP/iotc_da16k_pmod/da16k_comm.c:35:13:da16k_get_cmd	64	static
../Drivers/BSP/iotc_da16k_pmod/da16k_comm.c:97:6:da16k_destroy_cmd	16	static
../Drivers/BSP/iotc_da16k_pmod/da16k_comm.c:104:13:da16k_init	24	static
../Drivers/BSP/iotc_da16k_pmod/da16k_comm.c:141:6:da16k_deinit	8	static
../Drivers/BSP/iotc_da16k_pmod/da16k_comm.c:145:14:da16k_create_msg_str	24	static
../Drivers/BSP/iotc_da16k_pmod/da16k_comm.c:164:14:da16k_create_msg_float	24	static
../Drivers/BSP/iotc_da16k_pmod/da16k_comm.c:174:14:da16k_create_msg_uint	32	static
../Drivers/BSP/iotc_da16k_pmod/da16k_comm.c:179:14:da16k_create_msg_int	32	static
../Drivers/BSP/iotc_da16k_pmod/da16k_comm.c:184:14:da16k_create_msg_bool	16	static
../Drivers/BSP/iotc_da16k_pmod/da16k_comm.c:189:6:da16k_destroy_msg	16	static
../Drivers/BSP/iotc_da16k_pmod/da16k_comm.c:202:20:da16k_check_send_and_destroy_msg	24	static
../Drivers/BSP/iotc_da16k_pmod/da16k_comm.c:214:13:da16k_send_msg_direct_str	16	static
../Drivers/BSP/iotc_da16k_pmod/da16k_comm.c:220:13:da16k_send_msg_direct_float	24	static
../Drivers/BSP/iotc_da16k_pmod/da16k_comm.c:225:13:da16k_send_msg_direct_uint	24	static
../Drivers/BSP/iotc_da16k_pmod/da16k_comm.c:230:13:da16k_send_msg_direct_int	24	static
../Drivers/BSP/iotc_da16k_pmod/da16k_comm.c:235:13:da16k_send_msg_direct_bool	16	static
../Drivers/BSP/iotc_da16k_pmod/da16k_comm.c:240:13:da16k_send_msg	24	static
../Drivers/BSP/iotc_da16k_pmod/da16k_comm.c:248:13:da16k_set_iotc_connection_type	16	static
../Drivers/BSP/iotc_da16k_pmod/da16k_comm.c:252:13:da16k_set_iotc_auth_type	16	static
../Drivers/BSP/iotc_da16k_pmod/da16k_comm.c:256:13:da16k_set_iotc_cpid	16	static
../Drivers/BSP/iotc_da16k_pmod/da16k_comm.c:261:13:da16k_set_iotc_duid	16	static
../Drivers/BSP/iotc_da16k_pmod/da16k_comm.c:266:13:da16k_set_iotc_env	16	static
../Drivers/BSP/iotc_da16k_pmod/da16k_comm.c:271:13:da16k_iotc_start	16	static
../Drivers/BSP/iotc_da16k_pmod/da16k_comm.c:284:13:da16k_iotc_stop	8	static
../Drivers/BSP/iotc_da16k_pmod/da16k_comm.c:288:13:da16k_iotc_reset	8	static
../Drivers/BSP/iotc_da16k_pmod/da16k_comm.c:292:13:da16k_set_wifi_config	24	static
../Drivers/BSP/iotc_da16k_pmod/da16k_comm.c:308:13:da16k_set_device_cert	24	static
../Drivers/BSP/iotc_da16k_pmod/da16k_comm.c:324:13:da16k_setup_iotc_and_connect	24	static
